2026-03-11T14:17:09.337370+00:00 START mode=assessment config=config/source.yaml
2026-03-11T14:17:10.232761+00:00 Assessment source auth selected: SRC_ADMIN_USER (admin)
2026-03-11T14:17:10.247300+00:00 RUN precheck -> /mnt/macshare/scripts/00_precheck.sh
2026-03-11T14:17:27.275280+00:00 == Precheck runner ==
2026-03-11T14:17:27.282089+00:00 Host: 192.168.64.7  Port: 3306  User: admin
2026-03-11T14:17:27.286579+00:00 Checks dir: /mnt/macshare/sql/checks
2026-03-11T14:17:27.291957+00:00 Outdir: artifacts/assess_20260311_141705/precheck
2026-03-11T14:17:27.296189+00:00 
2026-03-11T14:17:27.301297+00:00 NOTE: mariadb-migrate-config-file not found; skipping config check.
2026-03-11T14:17:27.306476+00:00 ---- mysql_version ----
2026-03-11T14:17:27.312293+00:00 8.0.45-0ubuntu0.24.04.1
2026-03-11T14:17:27.316422+00:00 
2026-03-11T14:17:27.320450+00:00 ---- innodb_settings ----
2026-03-11T14:17:27.326014+00:00 1	1
2026-03-11T14:17:27.331278+00:00 
2026-03-11T14:17:27.336552+00:00 ---- auth_plugins ----
2026-03-11T14:17:27.341813+00:00 debian-sys-maint	localhost	caching_sha2_password
2026-03-11T14:17:27.345850+00:00 test1	%	caching_sha2_password
2026-03-11T14:17:27.350941+00:00 
2026-03-11T14:17:27.355443+00:00 ---- json_columns ----
2026-03-11T14:17:27.359418+00:00 advanced_test	json_test	data	json
2026-03-11T14:17:27.364298+00:00 advanced_test	json_test	metadata	json
2026-03-11T14:17:27.368263+00:00 testdb	orders_json	data_json	json
2026-03-11T14:17:27.373547+00:00 
2026-03-11T14:17:27.377706+00:00 ---- compression_encryption ----
2026-03-11T14:17:27.384043+00:00 (no rows)
2026-03-11T14:17:27.388048+00:00 
2026-03-11T14:17:27.393025+00:00 ---- engines_summary ----
2026-03-11T14:17:27.396937+00:00 PERFORMANCE_SCHEMA	111
2026-03-11T14:17:27.401949+00:00 InnoDB	59
2026-03-11T14:17:27.407025+00:00 CSV	2
2026-03-11T14:17:27.412210+00:00 
2026-03-11T14:17:27.415890+00:00 ---- schema_sizes ----
2026-03-11T14:17:27.419680+00:00 testdb	38.56
2026-03-11T14:17:27.425821+00:00 sakila	6.45
2026-03-11T14:17:27.430641+00:00 mysql	2.73
2026-03-11T14:17:27.435913+00:00 world	0.77
2026-03-11T14:17:27.441191+00:00 test_replication	0.03
2026-03-11T14:17:27.452282+00:00 sys	0.02
2026-03-11T14:17:27.460575+00:00 advanced_test	0.02
2026-03-11T14:17:27.465982+00:00 information_schema	0.00
2026-03-11T14:17:27.472790+00:00 performance_schema	0.00
2026-03-11T14:17:27.478234+00:00 
2026-03-11T14:17:27.483428+00:00 ---- schema_charsets ----
2026-03-11T14:17:27.487427+00:00 advanced_test	utf8mb4	utf8mb4_0900_ai_ci
2026-03-11T14:17:27.492943+00:00 sakila	utf8mb4	utf8mb4_0900_ai_ci
2026-03-11T14:17:27.499452+00:00 test_replication	utf8mb4	utf8mb4_0900_ai_ci
2026-03-11T14:17:27.504671+00:00 testdb	utf8mb4	utf8mb4_0900_ai_ci
2026-03-11T14:17:27.511080+00:00 world	utf8mb4	utf8mb4_0900_ai_ci
2026-03-11T14:17:27.516236+00:00 
2026-03-11T14:17:27.521490+00:00 ---- mysql8_collations ----
2026-03-11T14:17:27.526648+00:00 advanced_test	json_test	utf8mb4_0900_ai_ci
2026-03-11T14:17:27.531956+00:00 sakila	actor	utf8mb4_0900_ai_ci
2026-03-11T14:17:27.536430+00:00 sakila	address	utf8mb4_0900_ai_ci
2026-03-11T14:17:27.541775+00:00 sakila	category	utf8mb4_0900_ai_ci
2026-03-11T14:17:27.545833+00:00 sakila	city	utf8mb4_0900_ai_ci
2026-03-11T14:17:27.549964+00:00 sakila	country	utf8mb4_0900_ai_ci
2026-03-11T14:17:27.553920+00:00 sakila	customer	utf8mb4_0900_ai_ci
2026-03-11T14:17:27.557980+00:00 sakila	film	utf8mb4_0900_ai_ci
2026-03-11T14:17:27.561982+00:00 sakila	film_actor	utf8mb4_0900_ai_ci
2026-03-11T14:17:27.566256+00:00 sakila	film_category	utf8mb4_0900_ai_ci
2026-03-11T14:17:27.571962+00:00 sakila	film_text	utf8mb4_0900_ai_ci
2026-03-11T14:17:27.577329+00:00 sakila	inventory	utf8mb4_0900_ai_ci
2026-03-11T14:17:27.582668+00:00 sakila	language	utf8mb4_0900_ai_ci
2026-03-11T14:17:27.586873+00:00 sakila	payment	utf8mb4_0900_ai_ci
2026-03-11T14:17:27.591667+00:00 sakila	rental	utf8mb4_0900_ai_ci
2026-03-11T14:17:27.595792+00:00 sakila	staff	utf8mb4_0900_ai_ci
2026-03-11T14:17:27.601648+00:00 sakila	store	utf8mb4_0900_ai_ci
2026-03-11T14:17:27.606128+00:00 test_replication	customers	utf8mb4_0900_ai_ci
2026-03-11T14:17:27.611115+00:00 test_replication	replication_test	utf8mb4_0900_ai_ci
2026-03-11T14:17:27.615855+00:00 testdb	orders_json	utf8mb4_0900_ai_ci
2026-03-11T14:17:27.619903+00:00 world	city	utf8mb4_0900_ai_ci
2026-03-11T14:17:27.625561+00:00 world	country	utf8mb4_0900_ai_ci
2026-03-11T14:17:27.630083+00:00 world	countrylanguage	utf8mb4_0900_ai_ci
2026-03-11T14:17:27.634289+00:00 
2026-03-11T14:17:27.638508+00:00 ---- mysql8_column_collations ----
2026-03-11T14:17:27.643701+00:00 sakila	actor	first_name	utf8mb4_0900_ai_ci
2026-03-11T14:17:27.647676+00:00 sakila	actor	last_name	utf8mb4_0900_ai_ci
2026-03-11T14:17:27.651924+00:00 sakila	actor_info	film_info	utf8mb4_0900_ai_ci
2026-03-11T14:17:27.656025+00:00 sakila	actor_info	first_name	utf8mb4_0900_ai_ci
2026-03-11T14:17:27.661579+00:00 sakila	actor_info	last_name	utf8mb4_0900_ai_ci
2026-03-11T14:17:27.666258+00:00 sakila	address	address	utf8mb4_0900_ai_ci
2026-03-11T14:17:27.670642+00:00 sakila	address	address2	utf8mb4_0900_ai_ci
2026-03-11T14:17:27.675515+00:00 sakila	address	district	utf8mb4_0900_ai_ci
2026-03-11T14:17:27.683168+00:00 sakila	address	phone	utf8mb4_0900_ai_ci
2026-03-11T14:17:27.688233+00:00 sakila	address	postal_code	utf8mb4_0900_ai_ci
2026-03-11T14:17:27.694288+00:00 sakila	category	name	utf8mb4_0900_ai_ci
2026-03-11T14:17:27.702296+00:00 sakila	city	city	utf8mb4_0900_ai_ci
2026-03-11T14:17:27.707649+00:00 sakila	country	country	utf8mb4_0900_ai_ci
2026-03-11T14:17:27.711817+00:00 sakila	customer	email	utf8mb4_0900_ai_ci
2026-03-11T14:17:27.716886+00:00 sakila	customer	first_name	utf8mb4_0900_ai_ci
2026-03-11T14:17:27.720867+00:00 sakila	customer	last_name	utf8mb4_0900_ai_ci
2026-03-11T14:17:27.725526+00:00 sakila	customer_list	address	utf8mb4_0900_ai_ci
2026-03-11T14:17:27.729882+00:00 sakila	customer_list	city	utf8mb4_0900_ai_ci
2026-03-11T14:17:27.733084+00:00 sakila	customer_list	country	utf8mb4_0900_ai_ci
2026-03-11T14:17:27.737534+00:00 sakila	customer_list	name	utf8mb4_0900_ai_ci
2026-03-11T14:17:27.742733+00:00 sakila	customer_list	notes	utf8mb4_0900_ai_ci
2026-03-11T14:17:27.746515+00:00 sakila	customer_list	phone	utf8mb4_0900_ai_ci
2026-03-11T14:17:27.751280+00:00 sakila	customer_list	zip code	utf8mb4_0900_ai_ci
2026-03-11T14:17:27.756016+00:00 sakila	film	description	utf8mb4_0900_ai_ci
2026-03-11T14:17:27.761004+00:00 sakila	film	rating	utf8mb4_0900_ai_ci
2026-03-11T14:17:27.765569+00:00 sakila	film	special_features	utf8mb4_0900_ai_ci
2026-03-11T14:17:27.771095+00:00 sakila	film	title	utf8mb4_0900_ai_ci
2026-03-11T14:17:27.783350+00:00 sakila	film_list	actors	utf8mb4_0900_ai_ci
2026-03-11T14:17:27.794652+00:00 sakila	film_list	category	utf8mb4_0900_ai_ci
2026-03-11T14:17:27.800854+00:00 sakila	film_list	description	utf8mb4_0900_ai_ci
2026-03-11T14:17:27.811528+00:00 sakila	film_list	rating	utf8mb4_0900_ai_ci
2026-03-11T14:17:27.819650+00:00 sakila	film_list	title	utf8mb4_0900_ai_ci
2026-03-11T14:17:27.825226+00:00 sakila	film_text	description	utf8mb4_0900_ai_ci
2026-03-11T14:17:27.829469+00:00 sakila	film_text	title	utf8mb4_0900_ai_ci
2026-03-11T14:17:27.835803+00:00 sakila	language	name	utf8mb4_0900_ai_ci
2026-03-11T14:17:27.839975+00:00 sakila	nicer_but_slower_film_list	actors	utf8mb4_0900_ai_ci
2026-03-11T14:17:27.845115+00:00 sakila	nicer_but_slower_film_list	category	utf8mb4_0900_ai_ci
2026-03-11T14:17:27.850381+00:00 sakila	nicer_but_slower_film_list	description	utf8mb4_0900_ai_ci
2026-03-11T14:17:27.855440+00:00 sakila	nicer_but_slower_film_list	rating	utf8mb4_0900_ai_ci
2026-03-11T14:17:27.860956+00:00 sakila	nicer_but_slower_film_list	title	utf8mb4_0900_ai_ci
2026-03-11T14:17:27.867169+00:00 sakila	sales_by_film_category	category	utf8mb4_0900_ai_ci
2026-03-11T14:17:27.871428+00:00 sakila	sales_by_store	manager	utf8mb4_0900_ai_ci
2026-03-11T14:17:27.876068+00:00 sakila	sales_by_store	store	utf8mb4_0900_ai_ci
2026-03-11T14:17:27.881245+00:00 sakila	staff	email	utf8mb4_0900_ai_ci
2026-03-11T14:17:27.886450+00:00 sakila	staff	first_name	utf8mb4_0900_ai_ci
2026-03-11T14:17:27.890246+00:00 sakila	staff	last_name	utf8mb4_0900_ai_ci
2026-03-11T14:17:27.895350+00:00 sakila	staff	username	utf8mb4_0900_ai_ci
2026-03-11T14:17:27.899315+00:00 sakila	staff_list	address	utf8mb4_0900_ai_ci
2026-03-11T14:17:27.904435+00:00 sakila	staff_list	city	utf8mb4_0900_ai_ci
2026-03-11T14:17:27.909691+00:00 sakila	staff_list	country	utf8mb4_0900_ai_ci
2026-03-11T14:17:27.913820+00:00 ... (truncated; full output in artifacts/assess_20260311_141705/precheck/mysql8_column_collations.tsv)
2026-03-11T14:17:27.924639+00:00 
2026-03-11T14:17:27.929947+00:00 ---- sql_mode ----
2026-03-11T14:17:27.934182+00:00 ONLY_FULL_GROUP_BY,STRICT_TRANS_TABLES,NO_ZERO_IN_DATE,NO_ZERO_DATE,ERROR_FOR_DIVISION_BY_ZERO,NO_ENGINE_SUBSTITUTION
2026-03-11T14:17:27.939616+00:00 
2026-03-11T14:17:27.943799+00:00 ---- definers_inventory ----
2026-03-11T14:17:27.948945+00:00 TRIGGER	root@localhost	6
2026-03-11T14:17:27.954307+00:00 VIEW	root@localhost	7
2026-03-11T14:17:27.959321+00:00 
2026-03-11T14:17:27.964835+00:00 ---- partitioned_tables ----
2026-03-11T14:17:27.968632+00:00 (no rows)
2026-03-11T14:17:27.974011+00:00 
2026-03-11T14:17:27.978954+00:00 ---- active_plugins ----
2026-03-11T14:17:27.984366+00:00 ARCHIVE	ACTIVE
2026-03-11T14:17:27.988419+00:00 auth_socket	ACTIVE
2026-03-11T14:17:27.993495+00:00 binlog	ACTIVE
2026-03-11T14:17:27.997274+00:00 BLACKHOLE	ACTIVE
2026-03-11T14:17:28.003551+00:00 caching_sha2_password	ACTIVE
2026-03-11T14:17:28.010363+00:00 CSV	ACTIVE
2026-03-11T14:17:28.017127+00:00 daemon_keyring_proxy_plugin	ACTIVE
2026-03-11T14:17:28.022563+00:00 InnoDB	ACTIVE
2026-03-11T14:17:28.027048+00:00 INNODB_BUFFER_PAGE	ACTIVE
2026-03-11T14:17:28.031193+00:00 INNODB_BUFFER_PAGE_LRU	ACTIVE
2026-03-11T14:17:28.038368+00:00 INNODB_BUFFER_POOL_STATS	ACTIVE
2026-03-11T14:17:28.042672+00:00 INNODB_CACHED_INDEXES	ACTIVE
2026-03-11T14:17:28.049281+00:00 INNODB_CMP	ACTIVE
2026-03-11T14:17:28.053781+00:00 INNODB_CMPMEM	ACTIVE
2026-03-11T14:17:28.057905+00:00 INNODB_CMPMEM_RESET	ACTIVE
2026-03-11T14:17:28.061351+00:00 INNODB_CMP_PER_INDEX	ACTIVE
2026-03-11T14:17:28.065599+00:00 INNODB_CMP_PER_INDEX_RESET	ACTIVE
2026-03-11T14:17:28.069904+00:00 INNODB_CMP_RESET	ACTIVE
2026-03-11T14:17:28.074160+00:00 INNODB_COLUMNS	ACTIVE
2026-03-11T14:17:28.078823+00:00 INNODB_FT_BEING_DELETED	ACTIVE
2026-03-11T14:17:28.083110+00:00 INNODB_FT_CONFIG	ACTIVE
2026-03-11T14:17:28.086201+00:00 INNODB_FT_DEFAULT_STOPWORD	ACTIVE
2026-03-11T14:17:28.090680+00:00 INNODB_FT_DELETED	ACTIVE
2026-03-11T14:17:28.095056+00:00 INNODB_FT_INDEX_CACHE	ACTIVE
2026-03-11T14:17:28.100521+00:00 INNODB_FT_INDEX_TABLE	ACTIVE
2026-03-11T14:17:28.104828+00:00 INNODB_INDEXES	ACTIVE
2026-03-11T14:17:28.110230+00:00 INNODB_METRICS	ACTIVE
2026-03-11T14:17:28.114436+00:00 INNODB_SESSION_TEMP_TABLESPACES	ACTIVE
2026-03-11T14:17:28.118704+00:00 INNODB_TABLES	ACTIVE
2026-03-11T14:17:28.124130+00:00 INNODB_TABLESPACES	ACTIVE
2026-03-11T14:17:28.128488+00:00 INNODB_TABLESTATS	ACTIVE
2026-03-11T14:17:28.133017+00:00 INNODB_TEMP_TABLE_INFO	ACTIVE
2026-03-11T14:17:28.137632+00:00 INNODB_TRX	ACTIVE
2026-03-11T14:17:28.141932+00:00 INNODB_VIRTUAL	ACTIVE
2026-03-11T14:17:28.146199+00:00 MEMORY	ACTIVE
2026-03-11T14:17:28.150321+00:00 MRG_MYISAM	ACTIVE
2026-03-11T14:17:28.154553+00:00 MyISAM	ACTIVE
2026-03-11T14:17:28.158732+00:00 mysqlx	ACTIVE
2026-03-11T14:17:28.167209+00:00 mysqlx_cache_cleaner	ACTIVE
2026-03-11T14:17:28.172614+00:00 mysql_native_password	ACTIVE
2026-03-11T14:17:28.178122+00:00 ngram	ACTIVE
2026-03-11T14:17:28.183478+00:00 PERFORMANCE_SCHEMA	ACTIVE
2026-03-11T14:17:28.188822+00:00 sha256_password	ACTIVE
2026-03-11T14:17:28.194168+00:00 sha2_cache_cleaner	ACTIVE
2026-03-11T14:17:28.198763+00:00 TempTable	ACTIVE
2026-03-11T14:17:28.203449+00:00 
2026-03-11T14:17:28.207996+00:00 ---- functional_indexes ----
2026-03-11T14:17:28.213523+00:00 (no rows)
2026-03-11T14:17:28.218854+00:00 
2026-03-11T14:17:28.224111+00:00 ---- functional_defaults ----
2026-03-11T14:17:28.229442+00:00 (no rows)
2026-03-11T14:17:28.233949+00:00 
2026-03-11T14:17:28.240953+00:00 ---- invisible_columns ----
2026-03-11T14:17:28.247691+00:00 (no rows)
2026-03-11T14:17:28.252887+00:00 
2026-03-11T14:17:28.258907+00:00 ---- check_constraints ----
2026-03-11T14:17:28.263375+00:00 (no rows)
2026-03-11T14:17:28.267326+00:00 
2026-03-11T14:17:28.272508+00:00 ---- partial_revokes ----
2026-03-11T14:17:28.277889+00:00 (no rows)
2026-03-11T14:17:28.283553+00:00 
2026-03-11T14:17:28.288791+00:00 ---- gis_srid_usage ----
2026-03-11T14:17:28.292943+00:00 sakila	address	location	0
2026-03-11T14:17:28.299774+00:00 
2026-03-11T14:17:28.305225+00:00 ---- resource_groups ----
2026-03-11T14:17:28.309223+00:00 USR_default	USER	1	0-9	0
2026-03-11T14:17:28.316652+00:00 SYS_default	SYSTEM	1	0-9	0
2026-03-11T14:17:28.321918+00:00 
2026-03-11T14:17:28.329730+00:00 ---- xplugin_status ----
2026-03-11T14:17:28.333307+00:00 mysqlx	ACTIVE
2026-03-11T14:17:28.338439+00:00 
2026-03-11T14:17:28.345093+00:00 ---- fk_name_lengths ----
2026-03-11T14:17:28.350459+00:00 (no rows)
2026-03-11T14:17:28.355804+00:00 
2026-03-11T14:17:28.360899+00:00 ---- trigger_order ----
2026-03-11T14:17:28.366302+00:00 (no rows)
2026-03-11T14:17:28.371321+00:00 
2026-03-11T14:17:28.375185+00:00 Precheck complete.
2026-03-11T14:17:28.381763+00:00 TSV outputs: artifacts/assess_20260311_141705/precheck/*.tsv
2026-03-11T14:17:29.603337+00:00 FINISH success=True message=Assessment passed. Ready to plan/run.
