2026-03-11T14:17:48.495192+00:00 START mode=run config=config/migration.yaml
2026-03-11T14:17:48.786522+00:00 RUN  preflight_one_step (Preflight checks (one_step)) -> scripts/00_preflight_one_step.sh
2026-03-11T14:17:48.797513+00:00 CMD /mnt/macshare/scripts/00_preflight_one_step.sh
2026-03-11T14:17:48.858772+00:00 OUT ==> Preflight checks (one_step)
2026-03-11T14:17:48.869104+00:00 OUT Checking source connectivity...
2026-03-11T14:17:49.480800+00:00 OUT Checking source migration user readiness...
2026-03-11T14:17:50.097794+00:00 OUT Checking source database(s) exist...
2026-03-11T14:17:50.731827+00:00 OUT Checking target SSH connectivity...
2026-03-11T14:17:52.017876+00:00 OUT Checking target mariadb client...
2026-03-11T14:17:53.167414+00:00 OUT Checking target TCP connectivity...
2026-03-11T14:17:54.315763+00:00 OUT Checking target migration user readiness...
2026-03-11T14:17:56.695492+00:00 OUT WARNING: option --ssl-verify-server-cert is disabled, because of an insecure passwordless login.
2026-03-11T14:17:56.734657+00:00 OUT pv not found (optional).
2026-03-11T14:17:56.746040+00:00 OUT Preflight complete.
2026-03-11T14:17:56.788807+00:00 RUN  create_migration_user (Create migration user on source and target) -> scripts/09_create_migration_user.sh
2026-03-11T14:17:56.801857+00:00 CMD /mnt/macshare/scripts/09_create_migration_user.sh
2026-03-11T14:17:56.879077+00:00 OUT ==> Skipping migration user creation (admin-only mode).
2026-03-11T14:17:56.909745+00:00 RUN  precheck (Precheck source variables and blockers) -> scripts/00_precheck.sh
2026-03-11T14:17:56.918403+00:00 CMD /mnt/macshare/scripts/00_precheck.sh
2026-03-11T14:17:57.096225+00:00 OUT == Precheck runner ==
2026-03-11T14:17:57.138609+00:00 OUT Host: 192.168.64.7  Port: 3306  User: admin
2026-03-11T14:17:57.179710+00:00 OUT Checks dir: /mnt/macshare/sql/checks
2026-03-11T14:17:57.215472+00:00 OUT Outdir: /mnt/macshare/artifacts/precheck
2026-03-11T14:17:57.253153+00:00 OUT 
2026-03-11T14:17:57.302422+00:00 OUT NOTE: mariadb-migrate-config-file not found; skipping config check.
2026-03-11T14:17:57.364535+00:00 OUT ---- mysql_version ----
2026-03-11T14:17:58.110244+00:00 OUT 8.0.45-0ubuntu0.24.04.1
2026-03-11T14:17:58.178702+00:00 OUT 
2026-03-11T14:17:58.248042+00:00 OUT ---- innodb_settings ----
2026-03-11T14:17:58.564307+00:00 OUT 1	1
2026-03-11T14:17:58.599393+00:00 OUT 
2026-03-11T14:17:58.645147+00:00 OUT ---- auth_plugins ----
2026-03-11T14:17:58.941994+00:00 OUT debian-sys-maint	localhost	caching_sha2_password
2026-03-11T14:17:58.948398+00:00 OUT test1	%	caching_sha2_password
2026-03-11T14:17:58.983151+00:00 OUT 
2026-03-11T14:17:59.017278+00:00 OUT ---- json_columns ----
2026-03-11T14:17:59.333648+00:00 OUT advanced_test	json_test	data	json
2026-03-11T14:17:59.339390+00:00 OUT advanced_test	json_test	metadata	json
2026-03-11T14:17:59.345444+00:00 OUT testdb	orders_json	data_json	json
2026-03-11T14:17:59.379764+00:00 OUT 
2026-03-11T14:17:59.416891+00:00 OUT ---- compression_encryption ----
2026-03-11T14:17:59.793980+00:00 OUT (no rows)
2026-03-11T14:17:59.823088+00:00 OUT 
2026-03-11T14:17:59.870669+00:00 OUT ---- engines_summary ----
2026-03-11T14:18:00.462978+00:00 OUT PERFORMANCE_SCHEMA	111
2026-03-11T14:18:00.474745+00:00 OUT InnoDB	59
2026-03-11T14:18:00.483813+00:00 OUT CSV	2
2026-03-11T14:18:00.547533+00:00 OUT 
2026-03-11T14:18:00.603596+00:00 OUT ---- schema_sizes ----
2026-03-11T14:18:01.328191+00:00 OUT testdb	38.56
2026-03-11T14:18:01.341358+00:00 OUT sakila	6.45
2026-03-11T14:18:01.349765+00:00 OUT mysql	2.73
2026-03-11T14:18:01.356371+00:00 OUT world	0.77
2026-03-11T14:18:01.368465+00:00 OUT test_replication	0.03
2026-03-11T14:18:01.372047+00:00 OUT sys	0.02
2026-03-11T14:18:01.378802+00:00 OUT advanced_test	0.02
2026-03-11T14:18:01.386730+00:00 OUT information_schema	0.00
2026-03-11T14:18:01.400298+00:00 OUT performance_schema	0.00
2026-03-11T14:18:01.427655+00:00 OUT 
2026-03-11T14:18:01.496204+00:00 OUT ---- schema_charsets ----
2026-03-11T14:18:02.162570+00:00 OUT advanced_test	utf8mb4	utf8mb4_0900_ai_ci
2026-03-11T14:18:02.170291+00:00 OUT sakila	utf8mb4	utf8mb4_0900_ai_ci
2026-03-11T14:18:02.180954+00:00 OUT test_replication	utf8mb4	utf8mb4_0900_ai_ci
2026-03-11T14:18:02.191057+00:00 OUT testdb	utf8mb4	utf8mb4_0900_ai_ci
2026-03-11T14:18:02.198072+00:00 OUT world	utf8mb4	utf8mb4_0900_ai_ci
2026-03-11T14:18:02.241738+00:00 OUT 
2026-03-11T14:18:02.300283+00:00 OUT ---- mysql8_collations ----
2026-03-11T14:18:02.877059+00:00 OUT advanced_test	json_test	utf8mb4_0900_ai_ci
2026-03-11T14:18:02.882290+00:00 OUT sakila	actor	utf8mb4_0900_ai_ci
2026-03-11T14:18:02.888220+00:00 OUT sakila	address	utf8mb4_0900_ai_ci
2026-03-11T14:18:02.894274+00:00 OUT sakila	category	utf8mb4_0900_ai_ci
2026-03-11T14:18:02.899774+00:00 OUT sakila	city	utf8mb4_0900_ai_ci
2026-03-11T14:18:02.904184+00:00 OUT sakila	country	utf8mb4_0900_ai_ci
2026-03-11T14:18:02.915187+00:00 OUT sakila	customer	utf8mb4_0900_ai_ci
2026-03-11T14:18:02.921293+00:00 OUT sakila	film	utf8mb4_0900_ai_ci
2026-03-11T14:18:02.925704+00:00 OUT sakila	film_actor	utf8mb4_0900_ai_ci
2026-03-11T14:18:02.931054+00:00 OUT sakila	film_category	utf8mb4_0900_ai_ci
2026-03-11T14:18:02.934779+00:00 OUT sakila	film_text	utf8mb4_0900_ai_ci
2026-03-11T14:18:02.942059+00:00 OUT sakila	inventory	utf8mb4_0900_ai_ci
2026-03-11T14:18:02.947490+00:00 OUT sakila	language	utf8mb4_0900_ai_ci
2026-03-11T14:18:02.951423+00:00 OUT sakila	payment	utf8mb4_0900_ai_ci
2026-03-11T14:18:02.959908+00:00 OUT sakila	rental	utf8mb4_0900_ai_ci
2026-03-11T14:18:02.967479+00:00 OUT sakila	staff	utf8mb4_0900_ai_ci
2026-03-11T14:18:02.971843+00:00 OUT sakila	store	utf8mb4_0900_ai_ci
2026-03-11T14:18:02.977843+00:00 OUT test_replication	customers	utf8mb4_0900_ai_ci
2026-03-11T14:18:02.981728+00:00 OUT test_replication	replication_test	utf8mb4_0900_ai_ci
2026-03-11T14:18:02.988935+00:00 OUT testdb	orders_json	utf8mb4_0900_ai_ci
2026-03-11T14:18:02.992976+00:00 OUT world	city	utf8mb4_0900_ai_ci
2026-03-11T14:18:02.998408+00:00 OUT world	country	utf8mb4_0900_ai_ci
2026-03-11T14:18:03.001364+00:00 OUT world	countrylanguage	utf8mb4_0900_ai_ci
2026-03-11T14:18:03.006982+00:00 OUT 
2026-03-11T14:18:03.014292+00:00 OUT ---- mysql8_column_collations ----
2026-03-11T14:18:03.291734+00:00 OUT sakila	actor	first_name	utf8mb4_0900_ai_ci
2026-03-11T14:18:03.298728+00:00 OUT sakila	actor	last_name	utf8mb4_0900_ai_ci
2026-03-11T14:18:03.304771+00:00 OUT sakila	actor_info	film_info	utf8mb4_0900_ai_ci
2026-03-11T14:18:03.309142+00:00 OUT sakila	actor_info	first_name	utf8mb4_0900_ai_ci
2026-03-11T14:18:03.315507+00:00 OUT sakila	actor_info	last_name	utf8mb4_0900_ai_ci
2026-03-11T14:18:03.320975+00:00 OUT sakila	address	address	utf8mb4_0900_ai_ci
2026-03-11T14:18:03.326539+00:00 OUT sakila	address	address2	utf8mb4_0900_ai_ci
2026-03-11T14:18:03.333919+00:00 OUT sakila	address	district	utf8mb4_0900_ai_ci
2026-03-11T14:18:03.340742+00:00 OUT sakila	address	phone	utf8mb4_0900_ai_ci
2026-03-11T14:18:03.345039+00:00 OUT sakila	address	postal_code	utf8mb4_0900_ai_ci
2026-03-11T14:18:03.348511+00:00 OUT sakila	category	name	utf8mb4_0900_ai_ci
2026-03-11T14:18:03.355175+00:00 OUT sakila	city	city	utf8mb4_0900_ai_ci
2026-03-11T14:18:03.363613+00:00 OUT sakila	country	country	utf8mb4_0900_ai_ci
2026-03-11T14:18:03.367911+00:00 OUT sakila	customer	email	utf8mb4_0900_ai_ci
2026-03-11T14:18:03.372092+00:00 OUT sakila	customer	first_name	utf8mb4_0900_ai_ci
2026-03-11T14:18:03.376774+00:00 OUT sakila	customer	last_name	utf8mb4_0900_ai_ci
2026-03-11T14:18:03.383169+00:00 OUT sakila	customer_list	address	utf8mb4_0900_ai_ci
2026-03-11T14:18:03.388682+00:00 OUT sakila	customer_list	city	utf8mb4_0900_ai_ci
2026-03-11T14:18:03.392911+00:00 OUT sakila	customer_list	country	utf8mb4_0900_ai_ci
2026-03-11T14:18:03.397170+00:00 OUT sakila	customer_list	name	utf8mb4_0900_ai_ci
2026-03-11T14:18:03.402809+00:00 OUT sakila	customer_list	notes	utf8mb4_0900_ai_ci
2026-03-11T14:18:03.408034+00:00 OUT sakila	customer_list	phone	utf8mb4_0900_ai_ci
2026-03-11T14:18:03.413809+00:00 OUT sakila	customer_list	zip code	utf8mb4_0900_ai_ci
2026-03-11T14:18:03.417957+00:00 OUT sakila	film	description	utf8mb4_0900_ai_ci
2026-03-11T14:18:03.421661+00:00 OUT sakila	film	rating	utf8mb4_0900_ai_ci
2026-03-11T14:18:03.425636+00:00 OUT sakila	film	special_features	utf8mb4_0900_ai_ci
2026-03-11T14:18:03.433399+00:00 OUT sakila	film	title	utf8mb4_0900_ai_ci
2026-03-11T14:18:03.438150+00:00 OUT sakila	film_list	actors	utf8mb4_0900_ai_ci
2026-03-11T14:18:03.443358+00:00 OUT sakila	film_list	category	utf8mb4_0900_ai_ci
2026-03-11T14:18:03.447770+00:00 OUT sakila	film_list	description	utf8mb4_0900_ai_ci
2026-03-11T14:18:03.452564+00:00 OUT sakila	film_list	rating	utf8mb4_0900_ai_ci
2026-03-11T14:18:03.457055+00:00 OUT sakila	film_list	title	utf8mb4_0900_ai_ci
2026-03-11T14:18:03.461723+00:00 OUT sakila	film_text	description	utf8mb4_0900_ai_ci
2026-03-11T14:18:03.465998+00:00 OUT sakila	film_text	title	utf8mb4_0900_ai_ci
2026-03-11T14:18:03.471498+00:00 OUT sakila	language	name	utf8mb4_0900_ai_ci
2026-03-11T14:18:03.476949+00:00 OUT sakila	nicer_but_slower_film_list	actors	utf8mb4_0900_ai_ci
2026-03-11T14:18:03.481925+00:00 OUT sakila	nicer_but_slower_film_list	category	utf8mb4_0900_ai_ci
2026-03-11T14:18:03.488673+00:00 OUT sakila	nicer_but_slower_film_list	description	utf8mb4_0900_ai_ci
2026-03-11T14:18:03.494694+00:00 OUT sakila	nicer_but_slower_film_list	rating	utf8mb4_0900_ai_ci
2026-03-11T14:18:03.499514+00:00 OUT sakila	nicer_but_slower_film_list	title	utf8mb4_0900_ai_ci
2026-03-11T14:18:03.505273+00:00 OUT sakila	sales_by_film_category	category	utf8mb4_0900_ai_ci
2026-03-11T14:18:03.510897+00:00 OUT sakila	sales_by_store	manager	utf8mb4_0900_ai_ci
2026-03-11T14:18:03.517975+00:00 OUT sakila	sales_by_store	store	utf8mb4_0900_ai_ci
2026-03-11T14:18:03.523746+00:00 OUT sakila	staff	email	utf8mb4_0900_ai_ci
2026-03-11T14:18:03.528183+00:00 OUT sakila	staff	first_name	utf8mb4_0900_ai_ci
2026-03-11T14:18:03.533515+00:00 OUT sakila	staff	last_name	utf8mb4_0900_ai_ci
2026-03-11T14:18:03.539176+00:00 OUT sakila	staff	username	utf8mb4_0900_ai_ci
2026-03-11T14:18:03.544858+00:00 OUT sakila	staff_list	address	utf8mb4_0900_ai_ci
2026-03-11T14:18:03.550438+00:00 OUT sakila	staff_list	city	utf8mb4_0900_ai_ci
2026-03-11T14:18:03.554995+00:00 OUT sakila	staff_list	country	utf8mb4_0900_ai_ci
2026-03-11T14:18:03.559498+00:00 OUT ... (truncated; full output in /mnt/macshare/artifacts/precheck/mysql8_column_collations.tsv)
2026-03-11T14:18:03.565330+00:00 OUT 
2026-03-11T14:18:03.569864+00:00 OUT ---- sql_mode ----
2026-03-11T14:18:03.773523+00:00 OUT ONLY_FULL_GROUP_BY,STRICT_TRANS_TABLES,NO_ZERO_IN_DATE,NO_ZERO_DATE,ERROR_FOR_DIVISION_BY_ZERO,NO_ENGINE_SUBSTITUTION
2026-03-11T14:18:03.809628+00:00 OUT 
2026-03-11T14:18:03.840541+00:00 OUT ---- definers_inventory ----
2026-03-11T14:18:04.141393+00:00 OUT TRIGGER	root@localhost	6
2026-03-11T14:18:04.146400+00:00 OUT VIEW	root@localhost	7
2026-03-11T14:18:04.183718+00:00 OUT 
2026-03-11T14:18:04.215882+00:00 OUT ---- partitioned_tables ----
2026-03-11T14:18:04.505312+00:00 OUT (no rows)
2026-03-11T14:18:04.526687+00:00 OUT 
2026-03-11T14:18:04.561034+00:00 OUT ---- active_plugins ----
2026-03-11T14:18:04.853784+00:00 OUT ARCHIVE	ACTIVE
2026-03-11T14:18:04.858126+00:00 OUT auth_socket	ACTIVE
2026-03-11T14:18:04.863757+00:00 OUT binlog	ACTIVE
2026-03-11T14:18:04.870371+00:00 OUT BLACKHOLE	ACTIVE
2026-03-11T14:18:04.875666+00:00 OUT caching_sha2_password	ACTIVE
2026-03-11T14:18:04.879802+00:00 OUT CSV	ACTIVE
2026-03-11T14:18:04.884688+00:00 OUT daemon_keyring_proxy_plugin	ACTIVE
2026-03-11T14:18:04.893634+00:00 OUT InnoDB	ACTIVE
2026-03-11T14:18:04.899018+00:00 OUT INNODB_BUFFER_PAGE	ACTIVE
2026-03-11T14:18:04.903031+00:00 OUT INNODB_BUFFER_PAGE_LRU	ACTIVE
2026-03-11T14:18:04.906986+00:00 OUT INNODB_BUFFER_POOL_STATS	ACTIVE
2026-03-11T14:18:04.910434+00:00 OUT INNODB_CACHED_INDEXES	ACTIVE
2026-03-11T14:18:04.914983+00:00 OUT INNODB_CMP	ACTIVE
2026-03-11T14:18:04.922738+00:00 OUT INNODB_CMPMEM	ACTIVE
2026-03-11T14:18:04.926832+00:00 OUT INNODB_CMPMEM_RESET	ACTIVE
2026-03-11T14:18:04.931164+00:00 OUT INNODB_CMP_PER_INDEX	ACTIVE
2026-03-11T14:18:04.934981+00:00 OUT INNODB_CMP_PER_INDEX_RESET	ACTIVE
2026-03-11T14:18:04.942059+00:00 OUT INNODB_CMP_RESET	ACTIVE
2026-03-11T14:18:04.947643+00:00 OUT INNODB_COLUMNS	ACTIVE
2026-03-11T14:18:04.952967+00:00 OUT INNODB_FT_BEING_DELETED	ACTIVE
2026-03-11T14:18:04.956894+00:00 OUT INNODB_FT_CONFIG	ACTIVE
2026-03-11T14:18:04.960370+00:00 OUT INNODB_FT_DEFAULT_STOPWORD	ACTIVE
2026-03-11T14:18:04.964635+00:00 OUT INNODB_FT_DELETED	ACTIVE
2026-03-11T14:18:04.970238+00:00 OUT INNODB_FT_INDEX_CACHE	ACTIVE
2026-03-11T14:18:04.973849+00:00 OUT INNODB_FT_INDEX_TABLE	ACTIVE
2026-03-11T14:18:04.979279+00:00 OUT INNODB_INDEXES	ACTIVE
2026-03-11T14:18:04.984940+00:00 OUT INNODB_METRICS	ACTIVE
2026-03-11T14:18:04.991446+00:00 OUT INNODB_SESSION_TEMP_TABLESPACES	ACTIVE
2026-03-11T14:18:04.996853+00:00 OUT INNODB_TABLES	ACTIVE
2026-03-11T14:18:05.002645+00:00 OUT INNODB_TABLESPACES	ACTIVE
2026-03-11T14:18:05.007946+00:00 OUT INNODB_TABLESTATS	ACTIVE
2026-03-11T14:18:05.012209+00:00 OUT INNODB_TEMP_TABLE_INFO	ACTIVE
2026-03-11T14:18:05.016135+00:00 OUT INNODB_TRX	ACTIVE
2026-03-11T14:18:05.022858+00:00 OUT INNODB_VIRTUAL	ACTIVE
2026-03-11T14:18:05.028180+00:00 OUT MEMORY	ACTIVE
2026-03-11T14:18:05.034644+00:00 OUT MRG_MYISAM	ACTIVE
2026-03-11T14:18:05.040702+00:00 OUT MyISAM	ACTIVE
2026-03-11T14:18:05.045157+00:00 OUT mysqlx	ACTIVE
2026-03-11T14:18:05.050554+00:00 OUT mysqlx_cache_cleaner	ACTIVE
2026-03-11T14:18:05.054844+00:00 OUT mysql_native_password	ACTIVE
2026-03-11T14:18:05.060200+00:00 OUT ngram	ACTIVE
2026-03-11T14:18:05.064669+00:00 OUT PERFORMANCE_SCHEMA	ACTIVE
2026-03-11T14:18:05.068871+00:00 OUT sha256_password	ACTIVE
2026-03-11T14:18:05.072782+00:00 OUT sha2_cache_cleaner	ACTIVE
2026-03-11T14:18:05.078098+00:00 OUT TempTable	ACTIVE
2026-03-11T14:18:05.083469+00:00 OUT 
2026-03-11T14:18:05.088805+00:00 OUT ---- functional_indexes ----
2026-03-11T14:18:05.308144+00:00 OUT (no rows)
2026-03-11T14:18:05.330697+00:00 OUT 
2026-03-11T14:18:05.363732+00:00 OUT ---- functional_defaults ----
2026-03-11T14:18:05.649358+00:00 OUT (no rows)
2026-03-11T14:18:05.669086+00:00 OUT 
2026-03-11T14:18:05.699619+00:00 OUT ---- invisible_columns ----
2026-03-11T14:18:05.983812+00:00 OUT (no rows)
2026-03-11T14:18:06.004074+00:00 OUT 
2026-03-11T14:18:06.037035+00:00 OUT ---- check_constraints ----
2026-03-11T14:18:06.319645+00:00 OUT (no rows)
2026-03-11T14:18:06.341542+00:00 OUT 
2026-03-11T14:18:06.373281+00:00 OUT ---- partial_revokes ----
2026-03-11T14:18:06.652703+00:00 OUT (no rows)
2026-03-11T14:18:06.674429+00:00 OUT 
2026-03-11T14:18:06.705544+00:00 OUT ---- gis_srid_usage ----
2026-03-11T14:18:06.991588+00:00 OUT sakila	address	location	0
2026-03-11T14:18:07.025555+00:00 OUT 
2026-03-11T14:18:07.057149+00:00 OUT ---- resource_groups ----
2026-03-11T14:18:07.352203+00:00 OUT USR_default	USER	1	0-9	0
2026-03-11T14:18:07.358550+00:00 OUT SYS_default	SYSTEM	1	0-9	0
2026-03-11T14:18:07.391687+00:00 OUT 
2026-03-11T14:18:07.421353+00:00 OUT ---- xplugin_status ----
2026-03-11T14:18:07.708236+00:00 OUT mysqlx	ACTIVE
2026-03-11T14:18:07.746125+00:00 OUT 
2026-03-11T14:18:07.778056+00:00 OUT ---- fk_name_lengths ----
2026-03-11T14:18:08.064181+00:00 OUT (no rows)
2026-03-11T14:18:08.085483+00:00 OUT 
2026-03-11T14:18:08.117288+00:00 OUT ---- trigger_order ----
2026-03-11T14:18:08.399486+00:00 OUT (no rows)
2026-03-11T14:18:08.426378+00:00 OUT 
2026-03-11T14:18:08.482774+00:00 OUT Precheck complete.
2026-03-11T14:18:08.501976+00:00 OUT TSV outputs: /mnt/macshare/artifacts/precheck/*.tsv
2026-03-11T14:18:08.528337+00:00 RUN  one_step_dump_restore (One-step dump/restore (mariadb-dump | mariadb)) -> scripts/10_one_step_migration.sh
2026-03-11T14:18:08.536819+00:00 CMD /mnt/macshare/scripts/10_one_step_migration.sh
2026-03-11T14:18:08.562268+00:00 OUT ==> One-step migration (mariadb-dump | mariadb)
2026-03-11T14:18:08.572884+00:00 OUT Source: 192.168.64.7:3306  DB: world
2026-03-11T14:18:08.583174+00:00 OUT Target: 192.168.64.13:3306
2026-03-11T14:18:08.591302+00:00 OUT pv not found; running without progress meter.
2026-03-11T14:18:09.194880+00:00 OUT WARNING: option --ssl-verify-server-cert is disabled, because of an insecure passwordless login.
2026-03-11T14:18:10.171482+00:00 OUT WARNING: option --ssl-verify-server-cert is disabled, because of an insecure passwordless login.
2026-03-11T14:18:10.275123+00:00 OUT One-step migration completed.
2026-03-11T14:18:10.299302+00:00 RUN  validate (Validate after upgrade) -> scripts/07_validate.sh
2026-03-11T14:18:10.307048+00:00 CMD /mnt/macshare/scripts/07_validate.sh
2026-03-11T14:18:10.332709+00:00 OUT MariaDB version (TCP validation):
2026-03-11T14:18:10.890255+00:00 OUT WARNING: option --ssl-verify-server-cert is disabled, because of an insecure passwordless login.
2026-03-11T14:18:10.907026+00:00 OUT 11.8.6-MariaDB-ubu2404
2026-03-11T14:18:10.916742+00:00 OUT 
2026-03-11T14:18:10.923160+00:00 OUT User authentication plugins:
2026-03-11T14:18:11.476895+00:00 OUT WARNING: option --ssl-verify-server-cert is disabled, because of an insecure passwordless login.
2026-03-11T14:18:11.495276+00:00 OUT admin	%	mysql_native_password
2026-03-11T14:18:11.503297+00:00 OUT mariadb.sys	localhost	mysql_native_password
2026-03-11T14:18:11.510824+00:00 OUT mysql	localhost	mysql_native_password
2026-03-11T14:18:11.517261+00:00 OUT repl	%	mysql_native_password
2026-03-11T14:18:11.524193+00:00 OUT root	localhost	mysql_native_password
2026-03-11T14:18:11.528392+00:00 OUT test	%	mysql_native_password
2026-03-11T14:18:11.532500+00:00 OUT 
2026-03-11T14:18:11.538249+00:00 OUT Storage engines:
2026-03-11T14:18:12.075650+00:00 OUT WARNING: option --ssl-verify-server-cert is disabled, because of an insecure passwordless login.
2026-03-11T14:18:12.093152+00:00 OUT MEMORY	YES	Hash based, stored in memory, useful for temporary tables	NO	NO	NO
2026-03-11T14:18:12.101173+00:00 OUT CSV	YES	Stores tables as CSV files	NO	NO	NO
2026-03-11T14:18:12.104638+00:00 OUT PERFORMANCE_SCHEMA	YES	Performance Schema	NO	NO	NO
2026-03-11T14:18:12.107657+00:00 OUT Aria	YES	Crash-safe tables with MyISAM heritage. Used for internal temporary tables and privilege tables	NO	NO	NO
2026-03-11T14:18:12.110353+00:00 OUT MyISAM	YES	Non-transactional engine with good performance and small data footprint	NO	NO	NO
2026-03-11T14:18:12.113093+00:00 OUT MRG_MyISAM	YES	Collection of identical MyISAM tables	NO	NO	NO
2026-03-11T14:18:12.116168+00:00 OUT InnoDB	DEFAULT	Supports transactions, row-level locking, foreign keys and encryption for tables	YES	YES	YES
2026-03-11T14:18:12.120733+00:00 OUT SEQUENCE	YES	Generated tables filled with sequential values	YES	NO	YES
2026-03-11T14:18:12.124824+00:00 OUT 
2026-03-11T14:18:12.127421+00:00 OUT Validation complete (socket-first).
2026-03-11T14:18:12.148511+00:00 FINISH success=True message=Run completed successfully.
