2026-03-11T14:55:37.680914+00:00 START mode=assessment config=config/source.yaml
2026-03-11T14:55:37.961875+00:00 Assessment source auth selected: SRC_ADMIN_USER (admin)
2026-03-11T14:55:37.970928+00:00 RUN precheck -> /mnt/macshare/scripts/00_precheck.sh
2026-03-11T14:55:46.286923+00:00 == Precheck runner ==
2026-03-11T14:55:46.291139+00:00 Host: 192.168.64.7  Port: 3306  User: admin
2026-03-11T14:55:46.296497+00:00 Checks dir: /mnt/macshare/sql/checks
2026-03-11T14:55:46.301322+00:00 Outdir: artifacts/assess_20260311_145536/precheck
2026-03-11T14:55:46.306690+00:00 
2026-03-11T14:55:46.311852+00:00 NOTE: mariadb-migrate-config-file not found; skipping config check.
2026-03-11T14:55:46.316906+00:00 ---- mysql_version ----
2026-03-11T14:55:46.321324+00:00 8.0.45-0ubuntu0.24.04.1
2026-03-11T14:55:46.325484+00:00 
2026-03-11T14:55:46.331184+00:00 ---- innodb_settings ----
2026-03-11T14:55:46.335865+00:00 1	1
2026-03-11T14:55:46.342196+00:00 
2026-03-11T14:55:46.346020+00:00 ---- auth_plugins ----
2026-03-11T14:55:46.349748+00:00 debian-sys-maint	localhost	caching_sha2_password
2026-03-11T14:55:46.354175+00:00 test1	%	caching_sha2_password
2026-03-11T14:55:46.359720+00:00 
2026-03-11T14:55:46.364210+00:00 ---- json_columns ----
2026-03-11T14:55:46.368707+00:00 advanced_test	json_test	data	json
2026-03-11T14:55:46.374423+00:00 advanced_test	json_test	metadata	json
2026-03-11T14:55:46.378343+00:00 testdb	orders_json	data_json	json
2026-03-11T14:55:46.383264+00:00 
2026-03-11T14:55:46.387942+00:00 ---- compression_encryption ----
2026-03-11T14:55:46.393099+00:00 (no rows)
2026-03-11T14:55:46.398585+00:00 
2026-03-11T14:55:46.403180+00:00 ---- engines_summary ----
2026-03-11T14:55:46.407655+00:00 PERFORMANCE_SCHEMA	111
2026-03-11T14:55:46.411725+00:00 InnoDB	59
2026-03-11T14:55:46.417163+00:00 CSV	2
2026-03-11T14:55:46.422358+00:00 
2026-03-11T14:55:46.426436+00:00 ---- schema_sizes ----
2026-03-11T14:55:46.431647+00:00 testdb	38.56
2026-03-11T14:55:46.436388+00:00 sakila	6.45
2026-03-11T14:55:46.441531+00:00 mysql	2.73
2026-03-11T14:55:46.446500+00:00 world	0.77
2026-03-11T14:55:46.452542+00:00 test_replication	0.03
2026-03-11T14:55:46.458397+00:00 sys	0.02
2026-03-11T14:55:46.463069+00:00 advanced_test	0.02
2026-03-11T14:55:46.466640+00:00 information_schema	0.00
2026-03-11T14:55:46.470231+00:00 performance_schema	0.00
2026-03-11T14:55:46.475481+00:00 
2026-03-11T14:55:46.480406+00:00 ---- schema_charsets ----
2026-03-11T14:55:46.484524+00:00 advanced_test	utf8mb4	utf8mb4_0900_ai_ci
2026-03-11T14:55:46.489942+00:00 sakila	utf8mb4	utf8mb4_0900_ai_ci
2026-03-11T14:55:46.494179+00:00 test_replication	utf8mb4	utf8mb4_0900_ai_ci
2026-03-11T14:55:46.498803+00:00 testdb	utf8mb4	utf8mb4_0900_ai_ci
2026-03-11T14:55:46.503595+00:00 world	utf8mb4	utf8mb4_0900_ai_ci
2026-03-11T14:55:46.507011+00:00 
2026-03-11T14:55:46.512493+00:00 ---- mysql8_collations ----
2026-03-11T14:55:46.517506+00:00 advanced_test	json_test	utf8mb4_0900_ai_ci
2026-03-11T14:55:46.522288+00:00 sakila	actor	utf8mb4_0900_ai_ci
2026-03-11T14:55:46.526769+00:00 sakila	address	utf8mb4_0900_ai_ci
2026-03-11T14:55:46.531218+00:00 sakila	category	utf8mb4_0900_ai_ci
2026-03-11T14:55:46.536018+00:00 sakila	city	utf8mb4_0900_ai_ci
2026-03-11T14:55:46.548795+00:00 sakila	country	utf8mb4_0900_ai_ci
2026-03-11T14:55:46.552585+00:00 sakila	customer	utf8mb4_0900_ai_ci
2026-03-11T14:55:46.557857+00:00 sakila	film	utf8mb4_0900_ai_ci
2026-03-11T14:55:46.561729+00:00 sakila	film_actor	utf8mb4_0900_ai_ci
2026-03-11T14:55:46.567596+00:00 sakila	film_category	utf8mb4_0900_ai_ci
2026-03-11T14:55:46.572170+00:00 sakila	film_text	utf8mb4_0900_ai_ci
2026-03-11T14:55:46.576519+00:00 sakila	inventory	utf8mb4_0900_ai_ci
2026-03-11T14:55:46.582884+00:00 sakila	language	utf8mb4_0900_ai_ci
2026-03-11T14:55:46.585457+00:00 sakila	payment	utf8mb4_0900_ai_ci
2026-03-11T14:55:46.589869+00:00 sakila	rental	utf8mb4_0900_ai_ci
2026-03-11T14:55:46.597812+00:00 sakila	staff	utf8mb4_0900_ai_ci
2026-03-11T14:55:46.602940+00:00 sakila	store	utf8mb4_0900_ai_ci
2026-03-11T14:55:46.606214+00:00 test_replication	customers	utf8mb4_0900_ai_ci
2026-03-11T14:55:46.611123+00:00 test_replication	replication_test	utf8mb4_0900_ai_ci
2026-03-11T14:55:46.616006+00:00 testdb	orders_json	utf8mb4_0900_ai_ci
2026-03-11T14:55:46.622227+00:00 world	city	utf8mb4_0900_ai_ci
2026-03-11T14:55:46.628272+00:00 world	country	utf8mb4_0900_ai_ci
2026-03-11T14:55:46.633929+00:00 world	countrylanguage	utf8mb4_0900_ai_ci
2026-03-11T14:55:46.639288+00:00 
2026-03-11T14:55:46.644145+00:00 ---- mysql8_column_collations ----
2026-03-11T14:55:46.648924+00:00 sakila	actor	first_name	utf8mb4_0900_ai_ci
2026-03-11T14:55:46.654504+00:00 sakila	actor	last_name	utf8mb4_0900_ai_ci
2026-03-11T14:55:46.659590+00:00 sakila	actor_info	film_info	utf8mb4_0900_ai_ci
2026-03-11T14:55:46.662895+00:00 sakila	actor_info	first_name	utf8mb4_0900_ai_ci
2026-03-11T14:55:46.666521+00:00 sakila	actor_info	last_name	utf8mb4_0900_ai_ci
2026-03-11T14:55:46.671633+00:00 sakila	address	address	utf8mb4_0900_ai_ci
2026-03-11T14:55:46.675111+00:00 sakila	address	address2	utf8mb4_0900_ai_ci
2026-03-11T14:55:46.678478+00:00 sakila	address	district	utf8mb4_0900_ai_ci
2026-03-11T14:55:46.683075+00:00 sakila	address	phone	utf8mb4_0900_ai_ci
2026-03-11T14:55:46.687082+00:00 sakila	address	postal_code	utf8mb4_0900_ai_ci
2026-03-11T14:55:46.691588+00:00 sakila	category	name	utf8mb4_0900_ai_ci
2026-03-11T14:55:46.696642+00:00 sakila	city	city	utf8mb4_0900_ai_ci
2026-03-11T14:55:46.702167+00:00 sakila	country	country	utf8mb4_0900_ai_ci
2026-03-11T14:55:46.707036+00:00 sakila	customer	email	utf8mb4_0900_ai_ci
2026-03-11T14:55:46.712473+00:00 sakila	customer	first_name	utf8mb4_0900_ai_ci
2026-03-11T14:55:46.717774+00:00 sakila	customer	last_name	utf8mb4_0900_ai_ci
2026-03-11T14:55:46.724303+00:00 sakila	customer_list	address	utf8mb4_0900_ai_ci
2026-03-11T14:55:46.728723+00:00 sakila	customer_list	city	utf8mb4_0900_ai_ci
2026-03-11T14:55:46.734364+00:00 sakila	customer_list	country	utf8mb4_0900_ai_ci
2026-03-11T14:55:46.739921+00:00 sakila	customer_list	name	utf8mb4_0900_ai_ci
2026-03-11T14:55:46.745693+00:00 sakila	customer_list	notes	utf8mb4_0900_ai_ci
2026-03-11T14:55:46.749913+00:00 sakila	customer_list	phone	utf8mb4_0900_ai_ci
2026-03-11T14:55:46.755489+00:00 sakila	customer_list	zip code	utf8mb4_0900_ai_ci
2026-03-11T14:55:46.760597+00:00 sakila	film	description	utf8mb4_0900_ai_ci
2026-03-11T14:55:46.765549+00:00 sakila	film	rating	utf8mb4_0900_ai_ci
2026-03-11T14:55:46.769982+00:00 sakila	film	special_features	utf8mb4_0900_ai_ci
2026-03-11T14:55:46.774924+00:00 sakila	film	title	utf8mb4_0900_ai_ci
2026-03-11T14:55:46.779432+00:00 sakila	film_list	actors	utf8mb4_0900_ai_ci
2026-03-11T14:55:46.783905+00:00 sakila	film_list	category	utf8mb4_0900_ai_ci
2026-03-11T14:55:46.789856+00:00 sakila	film_list	description	utf8mb4_0900_ai_ci
2026-03-11T14:55:46.794517+00:00 sakila	film_list	rating	utf8mb4_0900_ai_ci
2026-03-11T14:55:46.799829+00:00 sakila	film_list	title	utf8mb4_0900_ai_ci
2026-03-11T14:55:46.804694+00:00 sakila	film_text	description	utf8mb4_0900_ai_ci
2026-03-11T14:55:46.809291+00:00 sakila	film_text	title	utf8mb4_0900_ai_ci
2026-03-11T14:55:46.814081+00:00 sakila	language	name	utf8mb4_0900_ai_ci
2026-03-11T14:55:46.818877+00:00 sakila	nicer_but_slower_film_list	actors	utf8mb4_0900_ai_ci
2026-03-11T14:55:46.823949+00:00 sakila	nicer_but_slower_film_list	category	utf8mb4_0900_ai_ci
2026-03-11T14:55:46.828859+00:00 sakila	nicer_but_slower_film_list	description	utf8mb4_0900_ai_ci
2026-03-11T14:55:46.833867+00:00 sakila	nicer_but_slower_film_list	rating	utf8mb4_0900_ai_ci
2026-03-11T14:55:46.838978+00:00 sakila	nicer_but_slower_film_list	title	utf8mb4_0900_ai_ci
2026-03-11T14:55:46.843542+00:00 sakila	sales_by_film_category	category	utf8mb4_0900_ai_ci
2026-03-11T14:55:46.849092+00:00 sakila	sales_by_store	manager	utf8mb4_0900_ai_ci
2026-03-11T14:55:46.853796+00:00 sakila	sales_by_store	store	utf8mb4_0900_ai_ci
2026-03-11T14:55:46.858389+00:00 sakila	staff	email	utf8mb4_0900_ai_ci
2026-03-11T14:55:46.863460+00:00 sakila	staff	first_name	utf8mb4_0900_ai_ci
2026-03-11T14:55:46.868270+00:00 sakila	staff	last_name	utf8mb4_0900_ai_ci
2026-03-11T14:55:46.874899+00:00 sakila	staff	username	utf8mb4_0900_ai_ci
2026-03-11T14:55:46.880657+00:00 sakila	staff_list	address	utf8mb4_0900_ai_ci
2026-03-11T14:55:46.885573+00:00 sakila	staff_list	city	utf8mb4_0900_ai_ci
2026-03-11T14:55:46.889869+00:00 sakila	staff_list	country	utf8mb4_0900_ai_ci
2026-03-11T14:55:46.894462+00:00 ... (truncated; full output in artifacts/assess_20260311_145536/precheck/mysql8_column_collations.tsv)
2026-03-11T14:55:46.899702+00:00 
2026-03-11T14:55:46.906247+00:00 ---- sql_mode ----
2026-03-11T14:55:46.909519+00:00 ONLY_FULL_GROUP_BY,STRICT_TRANS_TABLES,NO_ZERO_IN_DATE,NO_ZERO_DATE,ERROR_FOR_DIVISION_BY_ZERO,NO_ENGINE_SUBSTITUTION
2026-03-11T14:55:46.915489+00:00 
2026-03-11T14:55:46.920316+00:00 ---- definers_inventory ----
2026-03-11T14:55:46.925737+00:00 TRIGGER	root@localhost	6
2026-03-11T14:55:46.931032+00:00 VIEW	root@localhost	7
2026-03-11T14:55:46.937221+00:00 
2026-03-11T14:55:46.942453+00:00 ---- partitioned_tables ----
2026-03-11T14:55:46.948165+00:00 (no rows)
2026-03-11T14:55:46.954135+00:00 
2026-03-11T14:55:46.961225+00:00 ---- active_plugins ----
2026-03-11T14:55:46.965920+00:00 ARCHIVE	ACTIVE
2026-03-11T14:55:46.970983+00:00 auth_socket	ACTIVE
2026-03-11T14:55:46.976050+00:00 binlog	ACTIVE
2026-03-11T14:55:46.981355+00:00 BLACKHOLE	ACTIVE
2026-03-11T14:55:46.986994+00:00 caching_sha2_password	ACTIVE
2026-03-11T14:55:46.992623+00:00 CSV	ACTIVE
2026-03-11T14:55:46.997969+00:00 daemon_keyring_proxy_plugin	ACTIVE
2026-03-11T14:55:47.003765+00:00 InnoDB	ACTIVE
2026-03-11T14:55:47.009432+00:00 INNODB_BUFFER_PAGE	ACTIVE
2026-03-11T14:55:47.015026+00:00 INNODB_BUFFER_PAGE_LRU	ACTIVE
2026-03-11T14:55:47.019519+00:00 INNODB_BUFFER_POOL_STATS	ACTIVE
2026-03-11T14:55:47.025568+00:00 INNODB_CACHED_INDEXES	ACTIVE
2026-03-11T14:55:47.031293+00:00 INNODB_CMP	ACTIVE
2026-03-11T14:55:47.037233+00:00 INNODB_CMPMEM	ACTIVE
2026-03-11T14:55:47.042324+00:00 INNODB_CMPMEM_RESET	ACTIVE
2026-03-11T14:55:47.046757+00:00 INNODB_CMP_PER_INDEX	ACTIVE
2026-03-11T14:55:47.052289+00:00 INNODB_CMP_PER_INDEX_RESET	ACTIVE
2026-03-11T14:55:47.056655+00:00 INNODB_CMP_RESET	ACTIVE
2026-03-11T14:55:47.062332+00:00 INNODB_COLUMNS	ACTIVE
2026-03-11T14:55:47.067262+00:00 INNODB_FT_BEING_DELETED	ACTIVE
2026-03-11T14:55:47.072311+00:00 INNODB_FT_CONFIG	ACTIVE
2026-03-11T14:55:47.077606+00:00 INNODB_FT_DEFAULT_STOPWORD	ACTIVE
2026-03-11T14:55:47.083931+00:00 INNODB_FT_DELETED	ACTIVE
2026-03-11T14:55:47.090793+00:00 INNODB_FT_INDEX_CACHE	ACTIVE
2026-03-11T14:55:47.098875+00:00 INNODB_FT_INDEX_TABLE	ACTIVE
2026-03-11T14:55:47.109688+00:00 INNODB_INDEXES	ACTIVE
2026-03-11T14:55:47.119620+00:00 INNODB_METRICS	ACTIVE
2026-03-11T14:55:47.126300+00:00 INNODB_SESSION_TEMP_TABLESPACES	ACTIVE
2026-03-11T14:55:47.132945+00:00 INNODB_TABLES	ACTIVE
2026-03-11T14:55:47.141987+00:00 INNODB_TABLESPACES	ACTIVE
2026-03-11T14:55:47.148113+00:00 INNODB_TABLESTATS	ACTIVE
2026-03-11T14:55:47.156659+00:00 INNODB_TEMP_TABLE_INFO	ACTIVE
2026-03-11T14:55:47.165929+00:00 INNODB_TRX	ACTIVE
2026-03-11T14:55:47.172522+00:00 INNODB_VIRTUAL	ACTIVE
2026-03-11T14:55:47.178919+00:00 MEMORY	ACTIVE
2026-03-11T14:55:47.186317+00:00 MRG_MYISAM	ACTIVE
2026-03-11T14:55:47.192269+00:00 MyISAM	ACTIVE
2026-03-11T14:55:47.197835+00:00 mysqlx	ACTIVE
2026-03-11T14:55:47.206530+00:00 mysqlx_cache_cleaner	ACTIVE
2026-03-11T14:55:47.211180+00:00 mysql_native_password	ACTIVE
2026-03-11T14:55:47.216876+00:00 ngram	ACTIVE
2026-03-11T14:55:47.221994+00:00 PERFORMANCE_SCHEMA	ACTIVE
2026-03-11T14:55:47.227032+00:00 sha256_password	ACTIVE
2026-03-11T14:55:47.232025+00:00 sha2_cache_cleaner	ACTIVE
2026-03-11T14:55:47.237120+00:00 TempTable	ACTIVE
2026-03-11T14:55:47.242142+00:00 
2026-03-11T14:55:47.247343+00:00 ---- functional_indexes ----
2026-03-11T14:55:47.252953+00:00 (no rows)
2026-03-11T14:55:47.258570+00:00 
2026-03-11T14:55:47.263914+00:00 ---- functional_defaults ----
2026-03-11T14:55:47.269760+00:00 (no rows)
2026-03-11T14:55:47.276036+00:00 
2026-03-11T14:55:47.281210+00:00 ---- invisible_columns ----
2026-03-11T14:55:47.289387+00:00 (no rows)
2026-03-11T14:55:47.295976+00:00 
2026-03-11T14:55:47.302157+00:00 ---- check_constraints ----
2026-03-11T14:55:47.309908+00:00 (no rows)
2026-03-11T14:55:47.317896+00:00 
2026-03-11T14:55:47.323331+00:00 ---- partial_revokes ----
2026-03-11T14:55:47.329626+00:00 (no rows)
2026-03-11T14:55:47.336049+00:00 
2026-03-11T14:55:47.342002+00:00 ---- gis_srid_usage ----
2026-03-11T14:55:47.348071+00:00 sakila	address	location	0
2026-03-11T14:55:47.355512+00:00 
2026-03-11T14:55:47.362500+00:00 ---- resource_groups ----
2026-03-11T14:55:47.369263+00:00 USR_default	USER	1	0-9	0
2026-03-11T14:55:47.376328+00:00 SYS_default	SYSTEM	1	0-9	0
2026-03-11T14:55:47.383126+00:00 
2026-03-11T14:55:47.390434+00:00 ---- xplugin_status ----
2026-03-11T14:55:47.397396+00:00 mysqlx	ACTIVE
2026-03-11T14:55:47.403956+00:00 
2026-03-11T14:55:47.410709+00:00 ---- fk_name_lengths ----
2026-03-11T14:55:47.416112+00:00 (no rows)
2026-03-11T14:55:47.422146+00:00 
2026-03-11T14:55:47.427250+00:00 ---- trigger_order ----
2026-03-11T14:55:47.432768+00:00 (no rows)
2026-03-11T14:55:47.438504+00:00 
2026-03-11T14:55:47.444866+00:00 Precheck complete.
2026-03-11T14:55:47.450726+00:00 TSV outputs: artifacts/assess_20260311_145536/precheck/*.tsv
2026-03-11T14:55:48.095939+00:00 FINISH success=True message=Assessment passed. Ready to plan/run.
