== Precheck runner ==
Host: 192.168.64.7  Port: 3306  User: admin
Checks dir: /mnt/macshare/sql/checks
Outdir: artifacts/assess_20260311_145536/precheck

NOTE: mariadb-migrate-config-file not found; skipping config check.
---- mysql_version ----
8.0.45-0ubuntu0.24.04.1

---- innodb_settings ----
1	1

---- auth_plugins ----
debian-sys-maint	localhost	caching_sha2_password
test1	%	caching_sha2_password

---- json_columns ----
advanced_test	json_test	data	json
advanced_test	json_test	metadata	json
testdb	orders_json	data_json	json

---- compression_encryption ----
(no rows)

---- engines_summary ----
PERFORMANCE_SCHEMA	111
InnoDB	59
CSV	2

---- schema_sizes ----
testdb	38.56
sakila	6.45
mysql	2.73
world	0.77
test_replication	0.03
sys	0.02
advanced_test	0.02
information_schema	0.00
performance_schema	0.00

---- schema_charsets ----
advanced_test	utf8mb4	utf8mb4_0900_ai_ci
sakila	utf8mb4	utf8mb4_0900_ai_ci
test_replication	utf8mb4	utf8mb4_0900_ai_ci
testdb	utf8mb4	utf8mb4_0900_ai_ci
world	utf8mb4	utf8mb4_0900_ai_ci

---- mysql8_collations ----
advanced_test	json_test	utf8mb4_0900_ai_ci
sakila	actor	utf8mb4_0900_ai_ci
sakila	address	utf8mb4_0900_ai_ci
sakila	category	utf8mb4_0900_ai_ci
sakila	city	utf8mb4_0900_ai_ci
sakila	country	utf8mb4_0900_ai_ci
sakila	customer	utf8mb4_0900_ai_ci
sakila	film	utf8mb4_0900_ai_ci
sakila	film_actor	utf8mb4_0900_ai_ci
sakila	film_category	utf8mb4_0900_ai_ci
sakila	film_text	utf8mb4_0900_ai_ci
sakila	inventory	utf8mb4_0900_ai_ci
sakila	language	utf8mb4_0900_ai_ci
sakila	payment	utf8mb4_0900_ai_ci
sakila	rental	utf8mb4_0900_ai_ci
sakila	staff	utf8mb4_0900_ai_ci
sakila	store	utf8mb4_0900_ai_ci
test_replication	customers	utf8mb4_0900_ai_ci
test_replication	replication_test	utf8mb4_0900_ai_ci
testdb	orders_json	utf8mb4_0900_ai_ci
world	city	utf8mb4_0900_ai_ci
world	country	utf8mb4_0900_ai_ci
world	countrylanguage	utf8mb4_0900_ai_ci

---- mysql8_column_collations ----
sakila	actor	first_name	utf8mb4_0900_ai_ci
sakila	actor	last_name	utf8mb4_0900_ai_ci
sakila	actor_info	film_info	utf8mb4_0900_ai_ci
sakila	actor_info	first_name	utf8mb4_0900_ai_ci
sakila	actor_info	last_name	utf8mb4_0900_ai_ci
sakila	address	address	utf8mb4_0900_ai_ci
sakila	address	address2	utf8mb4_0900_ai_ci
sakila	address	district	utf8mb4_0900_ai_ci
sakila	address	phone	utf8mb4_0900_ai_ci
sakila	address	postal_code	utf8mb4_0900_ai_ci
sakila	category	name	utf8mb4_0900_ai_ci
sakila	city	city	utf8mb4_0900_ai_ci
sakila	country	country	utf8mb4_0900_ai_ci
sakila	customer	email	utf8mb4_0900_ai_ci
sakila	customer	first_name	utf8mb4_0900_ai_ci
sakila	customer	last_name	utf8mb4_0900_ai_ci
sakila	customer_list	address	utf8mb4_0900_ai_ci
sakila	customer_list	city	utf8mb4_0900_ai_ci
sakila	customer_list	country	utf8mb4_0900_ai_ci
sakila	customer_list	name	utf8mb4_0900_ai_ci
sakila	customer_list	notes	utf8mb4_0900_ai_ci
sakila	customer_list	phone	utf8mb4_0900_ai_ci
sakila	customer_list	zip code	utf8mb4_0900_ai_ci
sakila	film	description	utf8mb4_0900_ai_ci
sakila	film	rating	utf8mb4_0900_ai_ci
sakila	film	special_features	utf8mb4_0900_ai_ci
sakila	film	title	utf8mb4_0900_ai_ci
sakila	film_list	actors	utf8mb4_0900_ai_ci
sakila	film_list	category	utf8mb4_0900_ai_ci
sakila	film_list	description	utf8mb4_0900_ai_ci
sakila	film_list	rating	utf8mb4_0900_ai_ci
sakila	film_list	title	utf8mb4_0900_ai_ci
sakila	film_text	description	utf8mb4_0900_ai_ci
sakila	film_text	title	utf8mb4_0900_ai_ci
sakila	language	name	utf8mb4_0900_ai_ci
sakila	nicer_but_slower_film_list	actors	utf8mb4_0900_ai_ci
sakila	nicer_but_slower_film_list	category	utf8mb4_0900_ai_ci
sakila	nicer_but_slower_film_list	description	utf8mb4_0900_ai_ci
sakila	nicer_but_slower_film_list	rating	utf8mb4_0900_ai_ci
sakila	nicer_but_slower_film_list	title	utf8mb4_0900_ai_ci
sakila	sales_by_film_category	category	utf8mb4_0900_ai_ci
sakila	sales_by_store	manager	utf8mb4_0900_ai_ci
sakila	sales_by_store	store	utf8mb4_0900_ai_ci
sakila	staff	email	utf8mb4_0900_ai_ci
sakila	staff	first_name	utf8mb4_0900_ai_ci
sakila	staff	last_name	utf8mb4_0900_ai_ci
sakila	staff	username	utf8mb4_0900_ai_ci
sakila	staff_list	address	utf8mb4_0900_ai_ci
sakila	staff_list	city	utf8mb4_0900_ai_ci
sakila	staff_list	country	utf8mb4_0900_ai_ci
... (truncated; full output in artifacts/assess_20260311_145536/precheck/mysql8_column_collations.tsv)

---- sql_mode ----
ONLY_FULL_GROUP_BY,STRICT_TRANS_TABLES,NO_ZERO_IN_DATE,NO_ZERO_DATE,ERROR_FOR_DIVISION_BY_ZERO,NO_ENGINE_SUBSTITUTION

---- definers_inventory ----
TRIGGER	root@localhost	6
VIEW	root@localhost	7

---- partitioned_tables ----
(no rows)

---- active_plugins ----
ARCHIVE	ACTIVE
auth_socket	ACTIVE
binlog	ACTIVE
BLACKHOLE	ACTIVE
caching_sha2_password	ACTIVE
CSV	ACTIVE
daemon_keyring_proxy_plugin	ACTIVE
InnoDB	ACTIVE
INNODB_BUFFER_PAGE	ACTIVE
INNODB_BUFFER_PAGE_LRU	ACTIVE
INNODB_BUFFER_POOL_STATS	ACTIVE
INNODB_CACHED_INDEXES	ACTIVE
INNODB_CMP	ACTIVE
INNODB_CMPMEM	ACTIVE
INNODB_CMPMEM_RESET	ACTIVE
INNODB_CMP_PER_INDEX	ACTIVE
INNODB_CMP_PER_INDEX_RESET	ACTIVE
INNODB_CMP_RESET	ACTIVE
INNODB_COLUMNS	ACTIVE
INNODB_FT_BEING_DELETED	ACTIVE
INNODB_FT_CONFIG	ACTIVE
INNODB_FT_DEFAULT_STOPWORD	ACTIVE
INNODB_FT_DELETED	ACTIVE
INNODB_FT_INDEX_CACHE	ACTIVE
INNODB_FT_INDEX_TABLE	ACTIVE
INNODB_INDEXES	ACTIVE
INNODB_METRICS	ACTIVE
INNODB_SESSION_TEMP_TABLESPACES	ACTIVE
INNODB_TABLES	ACTIVE
INNODB_TABLESPACES	ACTIVE
INNODB_TABLESTATS	ACTIVE
INNODB_TEMP_TABLE_INFO	ACTIVE
INNODB_TRX	ACTIVE
INNODB_VIRTUAL	ACTIVE
MEMORY	ACTIVE
MRG_MYISAM	ACTIVE
MyISAM	ACTIVE
mysqlx	ACTIVE
mysqlx_cache_cleaner	ACTIVE
mysql_native_password	ACTIVE
ngram	ACTIVE
PERFORMANCE_SCHEMA	ACTIVE
sha256_password	ACTIVE
sha2_cache_cleaner	ACTIVE
TempTable	ACTIVE

---- functional_indexes ----
(no rows)

---- functional_defaults ----
(no rows)

---- invisible_columns ----
(no rows)

---- check_constraints ----
(no rows)

---- partial_revokes ----
(no rows)

---- gis_srid_usage ----
sakila	address	location	0

---- resource_groups ----
USR_default	USER	1	0-9	0
SYS_default	SYSTEM	1	0-9	0

---- xplugin_status ----
mysqlx	ACTIVE

---- fk_name_lengths ----
(no rows)

---- trigger_order ----
(no rows)

Precheck complete.
TSV outputs: artifacts/assess_20260311_145536/precheck/*.tsv
