2026-03-11T14:44:58.186021+00:00 START mode=assessment config=config/source.yaml
2026-03-11T14:44:58.463187+00:00 Assessment source auth selected: SRC_ADMIN_USER (admin)
2026-03-11T14:44:58.469994+00:00 RUN precheck -> /mnt/macshare/scripts/00_precheck.sh
2026-03-11T14:45:07.078325+00:00 == Precheck runner ==
2026-03-11T14:45:07.081325+00:00 Host: 192.168.64.7  Port: 3306  User: admin
2026-03-11T14:45:07.086137+00:00 Checks dir: /mnt/macshare/sql/checks
2026-03-11T14:45:07.090101+00:00 Outdir: artifacts/assess_20260311_144456/precheck
2026-03-11T14:45:07.094351+00:00 
2026-03-11T14:45:07.099422+00:00 NOTE: mariadb-migrate-config-file not found; skipping config check.
2026-03-11T14:45:07.104282+00:00 ---- mysql_version ----
2026-03-11T14:45:07.108927+00:00 8.0.45-0ubuntu0.24.04.1
2026-03-11T14:45:07.112777+00:00 
2026-03-11T14:45:07.117413+00:00 ---- innodb_settings ----
2026-03-11T14:45:07.123195+00:00 1	1
2026-03-11T14:45:07.129424+00:00 
2026-03-11T14:45:07.134589+00:00 ---- auth_plugins ----
2026-03-11T14:45:07.139249+00:00 debian-sys-maint	localhost	caching_sha2_password
2026-03-11T14:45:07.143931+00:00 test1	%	caching_sha2_password
2026-03-11T14:45:07.148053+00:00 
2026-03-11T14:45:07.151767+00:00 ---- json_columns ----
2026-03-11T14:45:07.155649+00:00 advanced_test	json_test	data	json
2026-03-11T14:45:07.160038+00:00 advanced_test	json_test	metadata	json
2026-03-11T14:45:07.162662+00:00 testdb	orders_json	data_json	json
2026-03-11T14:45:07.165209+00:00 
2026-03-11T14:45:07.168821+00:00 ---- compression_encryption ----
2026-03-11T14:45:07.172303+00:00 (no rows)
2026-03-11T14:45:07.174618+00:00 
2026-03-11T14:45:07.178956+00:00 ---- engines_summary ----
2026-03-11T14:45:07.182779+00:00 PERFORMANCE_SCHEMA	111
2026-03-11T14:45:07.185134+00:00 InnoDB	59
2026-03-11T14:45:07.187524+00:00 CSV	2
2026-03-11T14:45:07.191253+00:00 
2026-03-11T14:45:07.195955+00:00 ---- schema_sizes ----
2026-03-11T14:45:07.199925+00:00 testdb	38.56
2026-03-11T14:45:07.203106+00:00 sakila	6.45
2026-03-11T14:45:07.205876+00:00 mysql	2.73
2026-03-11T14:45:07.208533+00:00 world	0.77
2026-03-11T14:45:07.211150+00:00 test_replication	0.03
2026-03-11T14:45:07.216221+00:00 sys	0.02
2026-03-11T14:45:07.219874+00:00 advanced_test	0.02
2026-03-11T14:45:07.222613+00:00 information_schema	0.00
2026-03-11T14:45:07.225807+00:00 performance_schema	0.00
2026-03-11T14:45:07.229740+00:00 
2026-03-11T14:45:07.233557+00:00 ---- schema_charsets ----
2026-03-11T14:45:07.236251+00:00 advanced_test	utf8mb4	utf8mb4_0900_ai_ci
2026-03-11T14:45:07.238891+00:00 sakila	utf8mb4	utf8mb4_0900_ai_ci
2026-03-11T14:45:07.241516+00:00 test_replication	utf8mb4	utf8mb4_0900_ai_ci
2026-03-11T14:45:07.244236+00:00 testdb	utf8mb4	utf8mb4_0900_ai_ci
2026-03-11T14:45:07.246879+00:00 world	utf8mb4	utf8mb4_0900_ai_ci
2026-03-11T14:45:07.250165+00:00 
2026-03-11T14:45:07.253117+00:00 ---- mysql8_collations ----
2026-03-11T14:45:07.256164+00:00 advanced_test	json_test	utf8mb4_0900_ai_ci
2026-03-11T14:45:07.259994+00:00 sakila	actor	utf8mb4_0900_ai_ci
2026-03-11T14:45:07.263893+00:00 sakila	address	utf8mb4_0900_ai_ci
2026-03-11T14:45:07.267018+00:00 sakila	category	utf8mb4_0900_ai_ci
2026-03-11T14:45:07.269705+00:00 sakila	city	utf8mb4_0900_ai_ci
2026-03-11T14:45:07.272404+00:00 sakila	country	utf8mb4_0900_ai_ci
2026-03-11T14:45:07.275043+00:00 sakila	customer	utf8mb4_0900_ai_ci
2026-03-11T14:45:07.277889+00:00 sakila	film	utf8mb4_0900_ai_ci
2026-03-11T14:45:07.280780+00:00 sakila	film_actor	utf8mb4_0900_ai_ci
2026-03-11T14:45:07.283740+00:00 sakila	film_category	utf8mb4_0900_ai_ci
2026-03-11T14:45:07.287861+00:00 sakila	film_text	utf8mb4_0900_ai_ci
2026-03-11T14:45:07.290723+00:00 sakila	inventory	utf8mb4_0900_ai_ci
2026-03-11T14:45:07.294234+00:00 sakila	language	utf8mb4_0900_ai_ci
2026-03-11T14:45:07.297715+00:00 sakila	payment	utf8mb4_0900_ai_ci
2026-03-11T14:45:07.300732+00:00 sakila	rental	utf8mb4_0900_ai_ci
2026-03-11T14:45:07.303801+00:00 sakila	staff	utf8mb4_0900_ai_ci
2026-03-11T14:45:07.306632+00:00 sakila	store	utf8mb4_0900_ai_ci
2026-03-11T14:45:07.309371+00:00 test_replication	customers	utf8mb4_0900_ai_ci
2026-03-11T14:45:07.312553+00:00 test_replication	replication_test	utf8mb4_0900_ai_ci
2026-03-11T14:45:07.316658+00:00 testdb	orders_json	utf8mb4_0900_ai_ci
2026-03-11T14:45:07.319730+00:00 world	city	utf8mb4_0900_ai_ci
2026-03-11T14:45:07.323884+00:00 world	country	utf8mb4_0900_ai_ci
2026-03-11T14:45:07.327997+00:00 world	countrylanguage	utf8mb4_0900_ai_ci
2026-03-11T14:45:07.333134+00:00 
2026-03-11T14:45:07.338097+00:00 ---- mysql8_column_collations ----
2026-03-11T14:45:07.341171+00:00 sakila	actor	first_name	utf8mb4_0900_ai_ci
2026-03-11T14:45:07.345510+00:00 sakila	actor	last_name	utf8mb4_0900_ai_ci
2026-03-11T14:45:07.349736+00:00 sakila	actor_info	film_info	utf8mb4_0900_ai_ci
2026-03-11T14:45:07.353304+00:00 sakila	actor_info	first_name	utf8mb4_0900_ai_ci
2026-03-11T14:45:07.357785+00:00 sakila	actor_info	last_name	utf8mb4_0900_ai_ci
2026-03-11T14:45:07.362219+00:00 sakila	address	address	utf8mb4_0900_ai_ci
2026-03-11T14:45:07.366529+00:00 sakila	address	address2	utf8mb4_0900_ai_ci
2026-03-11T14:45:07.370921+00:00 sakila	address	district	utf8mb4_0900_ai_ci
2026-03-11T14:45:07.376685+00:00 sakila	address	phone	utf8mb4_0900_ai_ci
2026-03-11T14:45:07.379795+00:00 sakila	address	postal_code	utf8mb4_0900_ai_ci
2026-03-11T14:45:07.382786+00:00 sakila	category	name	utf8mb4_0900_ai_ci
2026-03-11T14:45:07.385871+00:00 sakila	city	city	utf8mb4_0900_ai_ci
2026-03-11T14:45:07.388745+00:00 sakila	country	country	utf8mb4_0900_ai_ci
2026-03-11T14:45:07.391564+00:00 sakila	customer	email	utf8mb4_0900_ai_ci
2026-03-11T14:45:07.395827+00:00 sakila	customer	first_name	utf8mb4_0900_ai_ci
2026-03-11T14:45:07.399927+00:00 sakila	customer	last_name	utf8mb4_0900_ai_ci
2026-03-11T14:45:07.403893+00:00 sakila	customer_list	address	utf8mb4_0900_ai_ci
2026-03-11T14:45:07.406985+00:00 sakila	customer_list	city	utf8mb4_0900_ai_ci
2026-03-11T14:45:07.410205+00:00 sakila	customer_list	country	utf8mb4_0900_ai_ci
2026-03-11T14:45:07.414575+00:00 sakila	customer_list	name	utf8mb4_0900_ai_ci
2026-03-11T14:45:07.417572+00:00 sakila	customer_list	notes	utf8mb4_0900_ai_ci
2026-03-11T14:45:07.420624+00:00 sakila	customer_list	phone	utf8mb4_0900_ai_ci
2026-03-11T14:45:07.423812+00:00 sakila	customer_list	zip code	utf8mb4_0900_ai_ci
2026-03-11T14:45:07.428225+00:00 sakila	film	description	utf8mb4_0900_ai_ci
2026-03-11T14:45:07.431401+00:00 sakila	film	rating	utf8mb4_0900_ai_ci
2026-03-11T14:45:07.434329+00:00 sakila	film	special_features	utf8mb4_0900_ai_ci
2026-03-11T14:45:07.437386+00:00 sakila	film	title	utf8mb4_0900_ai_ci
2026-03-11T14:45:07.440301+00:00 sakila	film_list	actors	utf8mb4_0900_ai_ci
2026-03-11T14:45:07.443294+00:00 sakila	film_list	category	utf8mb4_0900_ai_ci
2026-03-11T14:45:07.446196+00:00 sakila	film_list	description	utf8mb4_0900_ai_ci
2026-03-11T14:45:07.449476+00:00 sakila	film_list	rating	utf8mb4_0900_ai_ci
2026-03-11T14:45:07.453223+00:00 sakila	film_list	title	utf8mb4_0900_ai_ci
2026-03-11T14:45:07.456381+00:00 sakila	film_text	description	utf8mb4_0900_ai_ci
2026-03-11T14:45:07.459184+00:00 sakila	film_text	title	utf8mb4_0900_ai_ci
2026-03-11T14:45:07.463362+00:00 sakila	language	name	utf8mb4_0900_ai_ci
2026-03-11T14:45:07.467595+00:00 sakila	nicer_but_slower_film_list	actors	utf8mb4_0900_ai_ci
2026-03-11T14:45:07.471228+00:00 sakila	nicer_but_slower_film_list	category	utf8mb4_0900_ai_ci
2026-03-11T14:45:07.474394+00:00 sakila	nicer_but_slower_film_list	description	utf8mb4_0900_ai_ci
2026-03-11T14:45:07.477590+00:00 sakila	nicer_but_slower_film_list	rating	utf8mb4_0900_ai_ci
2026-03-11T14:45:07.481902+00:00 sakila	nicer_but_slower_film_list	title	utf8mb4_0900_ai_ci
2026-03-11T14:45:07.485105+00:00 sakila	sales_by_film_category	category	utf8mb4_0900_ai_ci
2026-03-11T14:45:07.488483+00:00 sakila	sales_by_store	manager	utf8mb4_0900_ai_ci
2026-03-11T14:45:07.491653+00:00 sakila	sales_by_store	store	utf8mb4_0900_ai_ci
2026-03-11T14:45:07.496267+00:00 sakila	staff	email	utf8mb4_0900_ai_ci
2026-03-11T14:45:07.499570+00:00 sakila	staff	first_name	utf8mb4_0900_ai_ci
2026-03-11T14:45:07.503845+00:00 sakila	staff	last_name	utf8mb4_0900_ai_ci
2026-03-11T14:45:07.508203+00:00 sakila	staff	username	utf8mb4_0900_ai_ci
2026-03-11T14:45:07.512804+00:00 sakila	staff_list	address	utf8mb4_0900_ai_ci
2026-03-11T14:45:07.515947+00:00 sakila	staff_list	city	utf8mb4_0900_ai_ci
2026-03-11T14:45:07.520667+00:00 sakila	staff_list	country	utf8mb4_0900_ai_ci
2026-03-11T14:45:07.525008+00:00 ... (truncated; full output in artifacts/assess_20260311_144456/precheck/mysql8_column_collations.tsv)
2026-03-11T14:45:07.529502+00:00 
2026-03-11T14:45:07.536311+00:00 ---- sql_mode ----
2026-03-11T14:45:07.541236+00:00 ONLY_FULL_GROUP_BY,STRICT_TRANS_TABLES,NO_ZERO_IN_DATE,NO_ZERO_DATE,ERROR_FOR_DIVISION_BY_ZERO,NO_ENGINE_SUBSTITUTION
2026-03-11T14:45:07.545828+00:00 
2026-03-11T14:45:07.551129+00:00 ---- definers_inventory ----
2026-03-11T14:45:07.554902+00:00 TRIGGER	root@localhost	6
2026-03-11T14:45:07.559580+00:00 VIEW	root@localhost	7
2026-03-11T14:45:07.564535+00:00 
2026-03-11T14:45:07.567988+00:00 ---- partitioned_tables ----
2026-03-11T14:45:07.572323+00:00 (no rows)
2026-03-11T14:45:07.577019+00:00 
2026-03-11T14:45:07.581732+00:00 ---- active_plugins ----
2026-03-11T14:45:07.586601+00:00 ARCHIVE	ACTIVE
2026-03-11T14:45:07.591203+00:00 auth_socket	ACTIVE
2026-03-11T14:45:07.595873+00:00 binlog	ACTIVE
2026-03-11T14:45:07.599943+00:00 BLACKHOLE	ACTIVE
2026-03-11T14:45:07.603661+00:00 caching_sha2_password	ACTIVE
2026-03-11T14:45:07.607305+00:00 CSV	ACTIVE
2026-03-11T14:45:07.610886+00:00 daemon_keyring_proxy_plugin	ACTIVE
2026-03-11T14:45:07.614557+00:00 InnoDB	ACTIVE
2026-03-11T14:45:07.618215+00:00 INNODB_BUFFER_PAGE	ACTIVE
2026-03-11T14:45:07.622252+00:00 INNODB_BUFFER_PAGE_LRU	ACTIVE
2026-03-11T14:45:07.625773+00:00 INNODB_BUFFER_POOL_STATS	ACTIVE
2026-03-11T14:45:07.629427+00:00 INNODB_CACHED_INDEXES	ACTIVE
2026-03-11T14:45:07.632937+00:00 INNODB_CMP	ACTIVE
2026-03-11T14:45:07.636354+00:00 INNODB_CMPMEM	ACTIVE
2026-03-11T14:45:07.639954+00:00 INNODB_CMPMEM_RESET	ACTIVE
2026-03-11T14:45:07.643927+00:00 INNODB_CMP_PER_INDEX	ACTIVE
2026-03-11T14:45:07.648008+00:00 INNODB_CMP_PER_INDEX_RESET	ACTIVE
2026-03-11T14:45:07.651345+00:00 INNODB_CMP_RESET	ACTIVE
2026-03-11T14:45:07.656224+00:00 INNODB_COLUMNS	ACTIVE
2026-03-11T14:45:07.659863+00:00 INNODB_FT_BEING_DELETED	ACTIVE
2026-03-11T14:45:07.663231+00:00 INNODB_FT_CONFIG	ACTIVE
2026-03-11T14:45:07.666770+00:00 INNODB_FT_DEFAULT_STOPWORD	ACTIVE
2026-03-11T14:45:07.671246+00:00 INNODB_FT_DELETED	ACTIVE
2026-03-11T14:45:07.674529+00:00 INNODB_FT_INDEX_CACHE	ACTIVE
2026-03-11T14:45:07.677922+00:00 INNODB_FT_INDEX_TABLE	ACTIVE
2026-03-11T14:45:07.681457+00:00 INNODB_INDEXES	ACTIVE
2026-03-11T14:45:07.684885+00:00 INNODB_METRICS	ACTIVE
2026-03-11T14:45:07.689364+00:00 INNODB_SESSION_TEMP_TABLESPACES	ACTIVE
2026-03-11T14:45:07.694016+00:00 INNODB_TABLES	ACTIVE
2026-03-11T14:45:07.699129+00:00 INNODB_TABLESPACES	ACTIVE
2026-03-11T14:45:07.703917+00:00 INNODB_TABLESTATS	ACTIVE
2026-03-11T14:45:07.707374+00:00 INNODB_TEMP_TABLE_INFO	ACTIVE
2026-03-11T14:45:07.710356+00:00 INNODB_TRX	ACTIVE
2026-03-11T14:45:07.713747+00:00 INNODB_VIRTUAL	ACTIVE
2026-03-11T14:45:07.718026+00:00 MEMORY	ACTIVE
2026-03-11T14:45:07.721524+00:00 MRG_MYISAM	ACTIVE
2026-03-11T14:45:07.725044+00:00 MyISAM	ACTIVE
2026-03-11T14:45:07.728495+00:00 mysqlx	ACTIVE
2026-03-11T14:45:07.731868+00:00 mysqlx_cache_cleaner	ACTIVE
2026-03-11T14:45:07.734872+00:00 mysql_native_password	ACTIVE
2026-03-11T14:45:07.738701+00:00 ngram	ACTIVE
2026-03-11T14:45:07.743156+00:00 PERFORMANCE_SCHEMA	ACTIVE
2026-03-11T14:45:07.746896+00:00 sha256_password	ACTIVE
2026-03-11T14:45:07.750493+00:00 sha2_cache_cleaner	ACTIVE
2026-03-11T14:45:07.754045+00:00 TempTable	ACTIVE
2026-03-11T14:45:07.757647+00:00 
2026-03-11T14:45:07.761377+00:00 ---- functional_indexes ----
2026-03-11T14:45:07.765360+00:00 (no rows)
2026-03-11T14:45:07.768881+00:00 
2026-03-11T14:45:07.772375+00:00 ---- functional_defaults ----
2026-03-11T14:45:07.775494+00:00 (no rows)
2026-03-11T14:45:07.778789+00:00 
2026-03-11T14:45:07.782139+00:00 ---- invisible_columns ----
2026-03-11T14:45:07.785657+00:00 (no rows)
2026-03-11T14:45:07.790099+00:00 
2026-03-11T14:45:07.794576+00:00 ---- check_constraints ----
2026-03-11T14:45:07.799300+00:00 (no rows)
2026-03-11T14:45:07.803776+00:00 
2026-03-11T14:45:07.808118+00:00 ---- partial_revokes ----
2026-03-11T14:45:07.813035+00:00 (no rows)
2026-03-11T14:45:07.817631+00:00 
2026-03-11T14:45:07.822180+00:00 ---- gis_srid_usage ----
2026-03-11T14:45:07.826762+00:00 sakila	address	location	0
2026-03-11T14:45:07.830865+00:00 
2026-03-11T14:45:07.835755+00:00 ---- resource_groups ----
2026-03-11T14:45:07.841326+00:00 USR_default	USER	1	0-9	0
2026-03-11T14:45:07.845605+00:00 SYS_default	SYSTEM	1	0-9	0
2026-03-11T14:45:07.849798+00:00 
2026-03-11T14:45:07.854565+00:00 ---- xplugin_status ----
2026-03-11T14:45:07.858071+00:00 mysqlx	ACTIVE
2026-03-11T14:45:07.863811+00:00 
2026-03-11T14:45:07.868244+00:00 ---- fk_name_lengths ----
2026-03-11T14:45:07.873128+00:00 (no rows)
2026-03-11T14:45:07.878384+00:00 
2026-03-11T14:45:07.882904+00:00 ---- trigger_order ----
2026-03-11T14:45:07.887601+00:00 (no rows)
2026-03-11T14:45:07.891563+00:00 
2026-03-11T14:45:07.895329+00:00 Precheck complete.
2026-03-11T14:45:07.899437+00:00 TSV outputs: artifacts/assess_20260311_144456/precheck/*.tsv
2026-03-11T14:45:08.588432+00:00 FINISH success=True message=Assessment passed. Ready to plan/run.
