2026-03-11T13:55:18.663583+00:00 START mode=run config=config/migration.yaml
2026-03-11T13:55:18.988231+00:00 RUN  preflight_one_step (Preflight checks (one_step)) -> scripts/00_preflight_one_step.sh
2026-03-11T13:55:19.001473+00:00 CMD /mnt/macshare/scripts/00_preflight_one_step.sh
2026-03-11T13:55:19.076539+00:00 OUT ==> Preflight checks (one_step)
2026-03-11T13:55:19.101637+00:00 OUT Checking source connectivity...
2026-03-11T13:55:19.974336+00:00 OUT Checking source migration user readiness...
2026-03-11T13:55:20.834894+00:00 OUT Checking source database(s) exist...
2026-03-11T13:55:21.753713+00:00 OUT Checking target SSH connectivity...
2026-03-11T13:55:23.243785+00:00 OUT Checking target mariadb client...
2026-03-11T13:55:24.806413+00:00 OUT Checking target TCP connectivity...
2026-03-11T13:55:26.398106+00:00 OUT Checking target migration user readiness...
2026-03-11T13:55:29.352982+00:00 OUT WARNING: option --ssl-verify-server-cert is disabled, because of an insecure passwordless login.
2026-03-11T13:55:29.397067+00:00 OUT pv not found (optional).
2026-03-11T13:55:29.407880+00:00 OUT Preflight complete.
2026-03-11T13:55:29.449803+00:00 RUN  create_migration_user (Create migration user on source and target) -> scripts/09_create_migration_user.sh
2026-03-11T13:55:29.463555+00:00 CMD /mnt/macshare/scripts/09_create_migration_user.sh
2026-03-11T13:55:29.541500+00:00 OUT ==> Skipping migration user creation (admin-only mode).
2026-03-11T13:55:29.574594+00:00 RUN  precheck (Precheck source variables and blockers) -> scripts/00_precheck.sh
2026-03-11T13:55:29.588520+00:00 CMD /mnt/macshare/scripts/00_precheck.sh
2026-03-11T13:55:29.806494+00:00 OUT == Precheck runner ==
2026-03-11T13:55:29.862046+00:00 OUT Host: 192.168.64.7  Port: 3306  User: admin
2026-03-11T13:55:29.916264+00:00 OUT Checks dir: /mnt/macshare/sql/checks
2026-03-11T13:55:29.978136+00:00 OUT Outdir: /mnt/macshare/artifacts/precheck
2026-03-11T13:55:30.034292+00:00 OUT 
2026-03-11T13:55:30.127178+00:00 OUT NOTE: mariadb-migrate-config-file not found; skipping config check.
2026-03-11T13:55:30.245518+00:00 OUT ---- mysql_version ----
2026-03-11T13:55:31.125895+00:00 OUT 8.0.45-0ubuntu0.24.04.1
2026-03-11T13:55:31.214988+00:00 OUT 
2026-03-11T13:55:31.285178+00:00 OUT ---- innodb_settings ----
2026-03-11T13:55:32.247570+00:00 OUT 1	1
2026-03-11T13:55:32.352747+00:00 OUT 
2026-03-11T13:55:32.447087+00:00 OUT ---- auth_plugins ----
2026-03-11T13:55:33.389809+00:00 OUT debian-sys-maint	localhost	caching_sha2_password
2026-03-11T13:55:33.411108+00:00 OUT test1	%	caching_sha2_password
2026-03-11T13:55:33.510812+00:00 OUT 
2026-03-11T13:55:33.605674+00:00 OUT ---- json_columns ----
2026-03-11T13:55:34.572075+00:00 OUT advanced_test	json_test	data	json
2026-03-11T13:55:34.588635+00:00 OUT advanced_test	json_test	metadata	json
2026-03-11T13:55:34.608145+00:00 OUT testdb	orders_json	data_json	json
2026-03-11T13:55:34.705578+00:00 OUT 
2026-03-11T13:55:34.805670+00:00 OUT ---- compression_encryption ----
2026-03-11T13:55:35.625272+00:00 OUT (no rows)
2026-03-11T13:55:35.678051+00:00 OUT 
2026-03-11T13:55:35.754036+00:00 OUT ---- engines_summary ----
2026-03-11T13:55:36.639336+00:00 OUT PERFORMANCE_SCHEMA	111
2026-03-11T13:55:36.660542+00:00 OUT InnoDB	59
2026-03-11T13:55:36.685416+00:00 OUT CSV	2
2026-03-11T13:55:36.777683+00:00 OUT 
2026-03-11T13:55:36.884492+00:00 OUT ---- schema_sizes ----
2026-03-11T13:55:37.850375+00:00 OUT testdb	38.56
2026-03-11T13:55:37.868704+00:00 OUT sakila	6.45
2026-03-11T13:55:37.881292+00:00 OUT mysql	2.73
2026-03-11T13:55:37.908760+00:00 OUT world	0.77
2026-03-11T13:55:37.924943+00:00 OUT test_replication	0.03
2026-03-11T13:55:37.937799+00:00 OUT sys	0.02
2026-03-11T13:55:37.961974+00:00 OUT advanced_test	0.02
2026-03-11T13:55:37.984268+00:00 OUT information_schema	0.00
2026-03-11T13:55:38.001249+00:00 OUT performance_schema	0.00
2026-03-11T13:55:38.030659+00:00 OUT 
2026-03-11T13:55:38.134848+00:00 OUT ---- schema_charsets ----
2026-03-11T13:55:39.116197+00:00 OUT advanced_test	utf8mb4	utf8mb4_0900_ai_ci
2026-03-11T13:55:39.135539+00:00 OUT sakila	utf8mb4	utf8mb4_0900_ai_ci
2026-03-11T13:55:39.147854+00:00 OUT test_replication	utf8mb4	utf8mb4_0900_ai_ci
2026-03-11T13:55:39.169043+00:00 OUT testdb	utf8mb4	utf8mb4_0900_ai_ci
2026-03-11T13:55:39.188932+00:00 OUT world	utf8mb4	utf8mb4_0900_ai_ci
2026-03-11T13:55:39.264407+00:00 OUT 
2026-03-11T13:55:39.377197+00:00 OUT ---- mysql8_collations ----
2026-03-11T13:55:40.199257+00:00 OUT advanced_test	json_test	utf8mb4_0900_ai_ci
2026-03-11T13:55:40.213313+00:00 OUT sakila	actor	utf8mb4_0900_ai_ci
2026-03-11T13:55:40.224764+00:00 OUT sakila	address	utf8mb4_0900_ai_ci
2026-03-11T13:55:40.244280+00:00 OUT sakila	category	utf8mb4_0900_ai_ci
2026-03-11T13:55:40.254201+00:00 OUT sakila	city	utf8mb4_0900_ai_ci
2026-03-11T13:55:40.263797+00:00 OUT sakila	country	utf8mb4_0900_ai_ci
2026-03-11T13:55:40.279936+00:00 OUT sakila	customer	utf8mb4_0900_ai_ci
2026-03-11T13:55:40.298322+00:00 OUT sakila	film	utf8mb4_0900_ai_ci
2026-03-11T13:55:40.312078+00:00 OUT sakila	film_actor	utf8mb4_0900_ai_ci
2026-03-11T13:55:40.324315+00:00 OUT sakila	film_category	utf8mb4_0900_ai_ci
2026-03-11T13:55:40.331592+00:00 OUT sakila	film_text	utf8mb4_0900_ai_ci
2026-03-11T13:55:40.346556+00:00 OUT sakila	inventory	utf8mb4_0900_ai_ci
2026-03-11T13:55:40.366342+00:00 OUT sakila	language	utf8mb4_0900_ai_ci
2026-03-11T13:55:40.379511+00:00 OUT sakila	payment	utf8mb4_0900_ai_ci
2026-03-11T13:55:40.402764+00:00 OUT sakila	rental	utf8mb4_0900_ai_ci
2026-03-11T13:55:40.421281+00:00 OUT sakila	staff	utf8mb4_0900_ai_ci
2026-03-11T13:55:40.433426+00:00 OUT sakila	store	utf8mb4_0900_ai_ci
2026-03-11T13:55:40.454234+00:00 OUT test_replication	customers	utf8mb4_0900_ai_ci
2026-03-11T13:55:40.471691+00:00 OUT test_replication	replication_test	utf8mb4_0900_ai_ci
2026-03-11T13:55:40.478963+00:00 OUT testdb	orders_json	utf8mb4_0900_ai_ci
2026-03-11T13:55:40.491250+00:00 OUT world	city	utf8mb4_0900_ai_ci
2026-03-11T13:55:40.507279+00:00 OUT world	country	utf8mb4_0900_ai_ci
2026-03-11T13:55:40.520305+00:00 OUT world	countrylanguage	utf8mb4_0900_ai_ci
2026-03-11T13:55:40.533325+00:00 OUT 
2026-03-11T13:55:40.550670+00:00 OUT ---- mysql8_column_collations ----
2026-03-11T13:55:41.460946+00:00 OUT sakila	actor	first_name	utf8mb4_0900_ai_ci
2026-03-11T13:55:41.479263+00:00 OUT sakila	actor	last_name	utf8mb4_0900_ai_ci
2026-03-11T13:55:41.496983+00:00 OUT sakila	actor_info	film_info	utf8mb4_0900_ai_ci
2026-03-11T13:55:41.519536+00:00 OUT sakila	actor_info	first_name	utf8mb4_0900_ai_ci
2026-03-11T13:55:41.535148+00:00 OUT sakila	actor_info	last_name	utf8mb4_0900_ai_ci
2026-03-11T13:55:41.556184+00:00 OUT sakila	address	address	utf8mb4_0900_ai_ci
2026-03-11T13:55:41.577024+00:00 OUT sakila	address	address2	utf8mb4_0900_ai_ci
2026-03-11T13:55:41.603964+00:00 OUT sakila	address	district	utf8mb4_0900_ai_ci
2026-03-11T13:55:41.616088+00:00 OUT sakila	address	phone	utf8mb4_0900_ai_ci
2026-03-11T13:55:41.630056+00:00 OUT sakila	address	postal_code	utf8mb4_0900_ai_ci
2026-03-11T13:55:41.640159+00:00 OUT sakila	category	name	utf8mb4_0900_ai_ci
2026-03-11T13:55:41.655294+00:00 OUT sakila	city	city	utf8mb4_0900_ai_ci
2026-03-11T13:55:41.664408+00:00 OUT sakila	country	country	utf8mb4_0900_ai_ci
2026-03-11T13:55:41.687094+00:00 OUT sakila	customer	email	utf8mb4_0900_ai_ci
2026-03-11T13:55:41.709611+00:00 OUT sakila	customer	first_name	utf8mb4_0900_ai_ci
2026-03-11T13:55:41.734273+00:00 OUT sakila	customer	last_name	utf8mb4_0900_ai_ci
2026-03-11T13:55:41.747316+00:00 OUT sakila	customer_list	address	utf8mb4_0900_ai_ci
2026-03-11T13:55:41.766825+00:00 OUT sakila	customer_list	city	utf8mb4_0900_ai_ci
2026-03-11T13:55:41.784590+00:00 OUT sakila	customer_list	country	utf8mb4_0900_ai_ci
2026-03-11T13:55:41.802569+00:00 OUT sakila	customer_list	name	utf8mb4_0900_ai_ci
2026-03-11T13:55:41.823838+00:00 OUT sakila	customer_list	notes	utf8mb4_0900_ai_ci
2026-03-11T13:55:41.839274+00:00 OUT sakila	customer_list	phone	utf8mb4_0900_ai_ci
2026-03-11T13:55:41.861644+00:00 OUT sakila	customer_list	zip code	utf8mb4_0900_ai_ci
2026-03-11T13:55:41.882126+00:00 OUT sakila	film	description	utf8mb4_0900_ai_ci
2026-03-11T13:55:41.903445+00:00 OUT sakila	film	rating	utf8mb4_0900_ai_ci
2026-03-11T13:55:41.915019+00:00 OUT sakila	film	special_features	utf8mb4_0900_ai_ci
2026-03-11T13:55:41.941516+00:00 OUT sakila	film	title	utf8mb4_0900_ai_ci
2026-03-11T13:55:41.948635+00:00 OUT sakila	film_list	actors	utf8mb4_0900_ai_ci
2026-03-11T13:55:41.960712+00:00 OUT sakila	film_list	category	utf8mb4_0900_ai_ci
2026-03-11T13:55:41.978714+00:00 OUT sakila	film_list	description	utf8mb4_0900_ai_ci
2026-03-11T13:55:41.996280+00:00 OUT sakila	film_list	rating	utf8mb4_0900_ai_ci
2026-03-11T13:55:42.010636+00:00 OUT sakila	film_list	title	utf8mb4_0900_ai_ci
2026-03-11T13:55:42.027652+00:00 OUT sakila	film_text	description	utf8mb4_0900_ai_ci
2026-03-11T13:55:42.041994+00:00 OUT sakila	film_text	title	utf8mb4_0900_ai_ci
2026-03-11T13:55:42.054041+00:00 OUT sakila	language	name	utf8mb4_0900_ai_ci
2026-03-11T13:55:42.064108+00:00 OUT sakila	nicer_but_slower_film_list	actors	utf8mb4_0900_ai_ci
2026-03-11T13:55:42.088329+00:00 OUT sakila	nicer_but_slower_film_list	category	utf8mb4_0900_ai_ci
2026-03-11T13:55:42.105188+00:00 OUT sakila	nicer_but_slower_film_list	description	utf8mb4_0900_ai_ci
2026-03-11T13:55:42.119582+00:00 OUT sakila	nicer_but_slower_film_list	rating	utf8mb4_0900_ai_ci
2026-03-11T13:55:42.136464+00:00 OUT sakila	nicer_but_slower_film_list	title	utf8mb4_0900_ai_ci
2026-03-11T13:55:42.148227+00:00 OUT sakila	sales_by_film_category	category	utf8mb4_0900_ai_ci
2026-03-11T13:55:42.164187+00:00 OUT sakila	sales_by_store	manager	utf8mb4_0900_ai_ci
2026-03-11T13:55:42.189105+00:00 OUT sakila	sales_by_store	store	utf8mb4_0900_ai_ci
2026-03-11T13:55:42.206084+00:00 OUT sakila	staff	email	utf8mb4_0900_ai_ci
2026-03-11T13:55:42.218218+00:00 OUT sakila	staff	first_name	utf8mb4_0900_ai_ci
2026-03-11T13:55:42.230198+00:00 OUT sakila	staff	last_name	utf8mb4_0900_ai_ci
2026-03-11T13:55:42.244724+00:00 OUT sakila	staff	username	utf8mb4_0900_ai_ci
2026-03-11T13:55:42.259539+00:00 OUT sakila	staff_list	address	utf8mb4_0900_ai_ci
2026-03-11T13:55:42.279698+00:00 OUT sakila	staff_list	city	utf8mb4_0900_ai_ci
2026-03-11T13:55:42.303481+00:00 OUT sakila	staff_list	country	utf8mb4_0900_ai_ci
2026-03-11T13:55:42.316188+00:00 OUT ... (truncated; full output in /mnt/macshare/artifacts/precheck/mysql8_column_collations.tsv)
2026-03-11T13:55:42.337187+00:00 OUT 
2026-03-11T13:55:42.351377+00:00 OUT ---- sql_mode ----
2026-03-11T13:55:43.055856+00:00 OUT ONLY_FULL_GROUP_BY,STRICT_TRANS_TABLES,NO_ZERO_IN_DATE,NO_ZERO_DATE,ERROR_FOR_DIVISION_BY_ZERO,NO_ENGINE_SUBSTITUTION
2026-03-11T13:55:43.173306+00:00 OUT 
2026-03-11T13:55:43.280868+00:00 OUT ---- definers_inventory ----
2026-03-11T13:55:44.260637+00:00 OUT TRIGGER	root@localhost	6
2026-03-11T13:55:44.287544+00:00 OUT VIEW	root@localhost	7
2026-03-11T13:55:44.358624+00:00 OUT 
2026-03-11T13:55:44.432228+00:00 OUT ---- partitioned_tables ----
2026-03-11T13:55:45.235805+00:00 OUT (no rows)
2026-03-11T13:55:45.286717+00:00 OUT 
2026-03-11T13:55:45.391379+00:00 OUT ---- active_plugins ----
2026-03-11T13:55:46.365337+00:00 OUT ARCHIVE	ACTIVE
2026-03-11T13:55:46.383949+00:00 OUT auth_socket	ACTIVE
2026-03-11T13:55:46.399111+00:00 OUT binlog	ACTIVE
2026-03-11T13:55:46.420271+00:00 OUT BLACKHOLE	ACTIVE
2026-03-11T13:55:46.436445+00:00 OUT caching_sha2_password	ACTIVE
2026-03-11T13:55:46.449424+00:00 OUT CSV	ACTIVE
2026-03-11T13:55:46.469294+00:00 OUT daemon_keyring_proxy_plugin	ACTIVE
2026-03-11T13:55:46.503199+00:00 OUT InnoDB	ACTIVE
2026-03-11T13:55:46.518947+00:00 OUT INNODB_BUFFER_PAGE	ACTIVE
2026-03-11T13:55:46.540688+00:00 OUT INNODB_BUFFER_PAGE_LRU	ACTIVE
2026-03-11T13:55:46.555351+00:00 OUT INNODB_BUFFER_POOL_STATS	ACTIVE
2026-03-11T13:55:46.575795+00:00 OUT INNODB_CACHED_INDEXES	ACTIVE
2026-03-11T13:55:46.591348+00:00 OUT INNODB_CMP	ACTIVE
2026-03-11T13:55:46.612185+00:00 OUT INNODB_CMPMEM	ACTIVE
2026-03-11T13:55:46.626863+00:00 OUT INNODB_CMPMEM_RESET	ACTIVE
2026-03-11T13:55:46.642009+00:00 OUT INNODB_CMP_PER_INDEX	ACTIVE
2026-03-11T13:55:46.667695+00:00 OUT INNODB_CMP_PER_INDEX_RESET	ACTIVE
2026-03-11T13:55:46.684593+00:00 OUT INNODB_CMP_RESET	ACTIVE
2026-03-11T13:55:46.707339+00:00 OUT INNODB_COLUMNS	ACTIVE
2026-03-11T13:55:46.721419+00:00 OUT INNODB_FT_BEING_DELETED	ACTIVE
2026-03-11T13:55:46.734361+00:00 OUT INNODB_FT_CONFIG	ACTIVE
2026-03-11T13:55:46.760543+00:00 OUT INNODB_FT_DEFAULT_STOPWORD	ACTIVE
2026-03-11T13:55:46.773077+00:00 OUT INNODB_FT_DELETED	ACTIVE
2026-03-11T13:55:46.797287+00:00 OUT INNODB_FT_INDEX_CACHE	ACTIVE
2026-03-11T13:55:46.809433+00:00 OUT INNODB_FT_INDEX_TABLE	ACTIVE
2026-03-11T13:55:46.824870+00:00 OUT INNODB_INDEXES	ACTIVE
2026-03-11T13:55:46.842921+00:00 OUT INNODB_METRICS	ACTIVE
2026-03-11T13:55:46.856704+00:00 OUT INNODB_SESSION_TEMP_TABLESPACES	ACTIVE
2026-03-11T13:55:46.870239+00:00 OUT INNODB_TABLES	ACTIVE
2026-03-11T13:55:46.895451+00:00 OUT INNODB_TABLESPACES	ACTIVE
2026-03-11T13:55:46.911060+00:00 OUT INNODB_TABLESTATS	ACTIVE
2026-03-11T13:55:46.923352+00:00 OUT INNODB_TEMP_TABLE_INFO	ACTIVE
2026-03-11T13:55:46.946371+00:00 OUT INNODB_TRX	ACTIVE
2026-03-11T13:55:46.957374+00:00 OUT INNODB_VIRTUAL	ACTIVE
2026-03-11T13:55:46.985148+00:00 OUT MEMORY	ACTIVE
2026-03-11T13:55:47.006411+00:00 OUT MRG_MYISAM	ACTIVE
2026-03-11T13:55:47.021900+00:00 OUT MyISAM	ACTIVE
2026-03-11T13:55:47.037746+00:00 OUT mysqlx	ACTIVE
2026-03-11T13:55:47.060566+00:00 OUT mysqlx_cache_cleaner	ACTIVE
2026-03-11T13:55:47.070521+00:00 OUT mysql_native_password	ACTIVE
2026-03-11T13:55:47.091086+00:00 OUT ngram	ACTIVE
2026-03-11T13:55:47.100745+00:00 OUT PERFORMANCE_SCHEMA	ACTIVE
2026-03-11T13:55:47.116346+00:00 OUT sha256_password	ACTIVE
2026-03-11T13:55:47.130745+00:00 OUT sha2_cache_cleaner	ACTIVE
2026-03-11T13:55:47.143909+00:00 OUT TempTable	ACTIVE
2026-03-11T13:55:47.160471+00:00 OUT 
2026-03-11T13:55:47.179661+00:00 OUT ---- functional_indexes ----
2026-03-11T13:55:47.879562+00:00 OUT (no rows)
2026-03-11T13:55:47.948496+00:00 OUT 
2026-03-11T13:55:48.057424+00:00 OUT ---- functional_defaults ----
2026-03-11T13:55:48.955872+00:00 OUT (no rows)
2026-03-11T13:55:49.003158+00:00 OUT 
2026-03-11T13:55:49.085610+00:00 OUT ---- invisible_columns ----
2026-03-11T13:55:49.949330+00:00 OUT (no rows)
2026-03-11T13:55:50.011340+00:00 OUT 
2026-03-11T13:55:50.112943+00:00 OUT ---- check_constraints ----
2026-03-11T13:55:51.029925+00:00 OUT (no rows)
2026-03-11T13:55:51.092471+00:00 OUT 
2026-03-11T13:55:51.190629+00:00 OUT ---- partial_revokes ----
2026-03-11T13:55:52.122617+00:00 OUT (no rows)
2026-03-11T13:55:52.190861+00:00 OUT 
2026-03-11T13:55:52.288184+00:00 OUT ---- gis_srid_usage ----
2026-03-11T13:55:53.266797+00:00 OUT sakila	address	location	0
2026-03-11T13:55:53.359281+00:00 OUT 
2026-03-11T13:55:53.442003+00:00 OUT ---- resource_groups ----
2026-03-11T13:55:54.311129+00:00 OUT USR_default	USER	1	0-9	0
2026-03-11T13:55:54.336288+00:00 OUT SYS_default	SYSTEM	1	0-9	0
2026-03-11T13:55:54.427694+00:00 OUT 
2026-03-11T13:55:54.524646+00:00 OUT ---- xplugin_status ----
2026-03-11T13:55:55.482546+00:00 OUT mysqlx	ACTIVE
2026-03-11T13:55:55.606870+00:00 OUT 
2026-03-11T13:55:55.706081+00:00 OUT ---- fk_name_lengths ----
2026-03-11T13:55:56.648741+00:00 OUT (no rows)
2026-03-11T13:55:56.718232+00:00 OUT 
2026-03-11T13:55:56.815179+00:00 OUT ---- trigger_order ----
2026-03-11T13:55:57.676659+00:00 OUT (no rows)
2026-03-11T13:55:57.725173+00:00 OUT 
2026-03-11T13:55:57.849848+00:00 OUT Precheck complete.
2026-03-11T13:55:57.892480+00:00 OUT TSV outputs: /mnt/macshare/artifacts/precheck/*.tsv
2026-03-11T13:55:57.927053+00:00 RUN  one_step_dump_restore (One-step dump/restore (mariadb-dump | mariadb)) -> scripts/10_one_step_migration.sh
2026-03-11T13:55:57.941003+00:00 CMD /mnt/macshare/scripts/10_one_step_migration.sh
2026-03-11T13:55:58.000698+00:00 OUT ==> One-step migration (mariadb-dump | mariadb)
2026-03-11T13:55:58.015968+00:00 OUT Source: 192.168.64.7:3306  DB: testdb
2026-03-11T13:55:58.032777+00:00 OUT Target: 192.168.64.13:3306
2026-03-11T13:55:58.054569+00:00 OUT pv not found; running without progress meter.
2026-03-11T13:55:59.704144+00:00 OUT WARNING: option --ssl-verify-server-cert is disabled, because of an insecure passwordless login.
2026-03-11T13:56:02.433630+00:00 OUT WARNING: option --ssl-verify-server-cert is disabled, because of an insecure passwordless login.
2026-03-11T13:56:21.974688+00:00 OUT One-step migration completed.
2026-03-11T13:56:22.043642+00:00 RUN  validate (Validate after upgrade) -> scripts/07_validate.sh
2026-03-11T13:56:22.069198+00:00 CMD /mnt/macshare/scripts/07_validate.sh
2026-03-11T13:56:22.166261+00:00 OUT MariaDB version (TCP validation):
2026-03-11T13:56:24.086631+00:00 OUT WARNING: option --ssl-verify-server-cert is disabled, because of an insecure passwordless login.
2026-03-11T13:56:24.115220+00:00 OUT 11.8.6-MariaDB-ubu2404
2026-03-11T13:56:24.142636+00:00 OUT 
2026-03-11T13:56:24.178711+00:00 OUT User authentication plugins:
2026-03-11T13:56:25.987328+00:00 OUT WARNING: option --ssl-verify-server-cert is disabled, because of an insecure passwordless login.
2026-03-11T13:56:26.021286+00:00 OUT admin	%	mysql_native_password
2026-03-11T13:56:26.045135+00:00 OUT mariadb.sys	localhost	mysql_native_password
2026-03-11T13:56:26.070133+00:00 OUT mysql	localhost	mysql_native_password
2026-03-11T13:56:26.089684+00:00 OUT repl	%	mysql_native_password
2026-03-11T13:56:26.120770+00:00 OUT root	localhost	mysql_native_password
2026-03-11T13:56:26.137728+00:00 OUT test	%	mysql_native_password
2026-03-11T13:56:26.158991+00:00 OUT 
2026-03-11T13:56:26.184415+00:00 OUT Storage engines:
2026-03-11T13:56:28.094848+00:00 OUT WARNING: option --ssl-verify-server-cert is disabled, because of an insecure passwordless login.
2026-03-11T13:56:28.119110+00:00 OUT MEMORY	YES	Hash based, stored in memory, useful for temporary tables	NO	NO	NO
2026-03-11T13:56:28.149561+00:00 OUT CSV	YES	Stores tables as CSV files	NO	NO	NO
2026-03-11T13:56:28.160439+00:00 OUT PERFORMANCE_SCHEMA	YES	Performance Schema	NO	NO	NO
2026-03-11T13:56:28.171892+00:00 OUT Aria	YES	Crash-safe tables with MyISAM heritage. Used for internal temporary tables and privilege tables	NO	NO	NO
2026-03-11T13:56:28.178866+00:00 OUT MyISAM	YES	Non-transactional engine with good performance and small data footprint	NO	NO	NO
2026-03-11T13:56:28.186236+00:00 OUT MRG_MyISAM	YES	Collection of identical MyISAM tables	NO	NO	NO
2026-03-11T13:56:28.193900+00:00 OUT InnoDB	DEFAULT	Supports transactions, row-level locking, foreign keys and encryption for tables	YES	YES	YES
2026-03-11T13:56:28.203678+00:00 OUT SEQUENCE	YES	Generated tables filled with sequential values	YES	NO	YES
2026-03-11T13:56:28.209729+00:00 OUT 
2026-03-11T13:56:28.217429+00:00 OUT Validation complete (socket-first).
2026-03-11T13:56:28.273168+00:00 FINISH success=True message=Run completed successfully.
