2026-03-11T13:51:55.876572+00:00 START mode=assessment config=config/source.yaml
2026-03-11T13:51:57.048254+00:00 Assessment source auth selected: SRC_ADMIN_USER (admin)
2026-03-11T13:51:57.067871+00:00 RUN precheck -> /mnt/macshare/scripts/00_precheck.sh
2026-03-11T13:52:24.164990+00:00 == Precheck runner ==
2026-03-11T13:52:24.175520+00:00 Host: 192.168.64.7  Port: 3306  User: admin
2026-03-11T13:52:24.179493+00:00 Checks dir: /mnt/macshare/sql/checks
2026-03-11T13:52:24.185600+00:00 Outdir: artifacts/assess_20260311_135150/precheck
2026-03-11T13:52:24.194115+00:00 
2026-03-11T13:52:24.200849+00:00 NOTE: mariadb-migrate-config-file not found; skipping config check.
2026-03-11T13:52:24.206800+00:00 ---- mysql_version ----
2026-03-11T13:52:24.214303+00:00 8.0.45-0ubuntu0.24.04.1
2026-03-11T13:52:24.220998+00:00 
2026-03-11T13:52:24.227069+00:00 ---- innodb_settings ----
2026-03-11T13:52:24.235786+00:00 1	1
2026-03-11T13:52:24.241596+00:00 
2026-03-11T13:52:24.248172+00:00 ---- auth_plugins ----
2026-03-11T13:52:24.255198+00:00 debian-sys-maint	localhost	caching_sha2_password
2026-03-11T13:52:24.261033+00:00 test1	%	caching_sha2_password
2026-03-11T13:52:24.267983+00:00 
2026-03-11T13:52:24.287679+00:00 ---- json_columns ----
2026-03-11T13:52:24.298740+00:00 advanced_test	json_test	data	json
2026-03-11T13:52:24.308251+00:00 advanced_test	json_test	metadata	json
2026-03-11T13:52:24.314258+00:00 testdb	orders_json	data_json	json
2026-03-11T13:52:24.320173+00:00 
2026-03-11T13:52:24.326995+00:00 ---- compression_encryption ----
2026-03-11T13:52:24.337959+00:00 (no rows)
2026-03-11T13:52:24.343300+00:00 
2026-03-11T13:52:24.352279+00:00 ---- engines_summary ----
2026-03-11T13:52:24.357399+00:00 PERFORMANCE_SCHEMA	111
2026-03-11T13:52:24.366464+00:00 InnoDB	59
2026-03-11T13:52:24.381091+00:00 CSV	2
2026-03-11T13:52:24.390124+00:00 
2026-03-11T13:52:24.396192+00:00 ---- schema_sizes ----
2026-03-11T13:52:24.401731+00:00 testdb	38.56
2026-03-11T13:52:24.410374+00:00 sakila	6.45
2026-03-11T13:52:24.418778+00:00 mysql	2.73
2026-03-11T13:52:24.427645+00:00 world	0.77
2026-03-11T13:52:24.433904+00:00 test_replication	0.03
2026-03-11T13:52:24.441448+00:00 sys	0.02
2026-03-11T13:52:24.447564+00:00 advanced_test	0.02
2026-03-11T13:52:24.453025+00:00 information_schema	0.00
2026-03-11T13:52:24.462039+00:00 performance_schema	0.00
2026-03-11T13:52:24.465137+00:00 
2026-03-11T13:52:24.470654+00:00 ---- schema_charsets ----
2026-03-11T13:52:24.475686+00:00 advanced_test	utf8mb4	utf8mb4_0900_ai_ci
2026-03-11T13:52:24.481764+00:00 sakila	utf8mb4	utf8mb4_0900_ai_ci
2026-03-11T13:52:24.487902+00:00 test_replication	utf8mb4	utf8mb4_0900_ai_ci
2026-03-11T13:52:24.493999+00:00 testdb	utf8mb4	utf8mb4_0900_ai_ci
2026-03-11T13:52:24.499429+00:00 world	utf8mb4	utf8mb4_0900_ai_ci
2026-03-11T13:52:24.505111+00:00 
2026-03-11T13:52:24.511032+00:00 ---- mysql8_collations ----
2026-03-11T13:52:24.513985+00:00 advanced_test	json_test	utf8mb4_0900_ai_ci
2026-03-11T13:52:24.521626+00:00 sakila	actor	utf8mb4_0900_ai_ci
2026-03-11T13:52:24.527832+00:00 sakila	address	utf8mb4_0900_ai_ci
2026-03-11T13:52:24.533267+00:00 sakila	category	utf8mb4_0900_ai_ci
2026-03-11T13:52:24.539484+00:00 sakila	city	utf8mb4_0900_ai_ci
2026-03-11T13:52:24.544501+00:00 sakila	country	utf8mb4_0900_ai_ci
2026-03-11T13:52:24.550549+00:00 sakila	customer	utf8mb4_0900_ai_ci
2026-03-11T13:52:24.555716+00:00 sakila	film	utf8mb4_0900_ai_ci
2026-03-11T13:52:24.559735+00:00 sakila	film_actor	utf8mb4_0900_ai_ci
2026-03-11T13:52:24.564936+00:00 sakila	film_category	utf8mb4_0900_ai_ci
2026-03-11T13:52:24.569530+00:00 sakila	film_text	utf8mb4_0900_ai_ci
2026-03-11T13:52:24.580448+00:00 sakila	inventory	utf8mb4_0900_ai_ci
2026-03-11T13:52:24.587843+00:00 sakila	language	utf8mb4_0900_ai_ci
2026-03-11T13:52:24.594194+00:00 sakila	payment	utf8mb4_0900_ai_ci
2026-03-11T13:52:24.601463+00:00 sakila	rental	utf8mb4_0900_ai_ci
2026-03-11T13:52:24.609286+00:00 sakila	staff	utf8mb4_0900_ai_ci
2026-03-11T13:52:24.615115+00:00 sakila	store	utf8mb4_0900_ai_ci
2026-03-11T13:52:24.621152+00:00 test_replication	customers	utf8mb4_0900_ai_ci
2026-03-11T13:52:24.626515+00:00 test_replication	replication_test	utf8mb4_0900_ai_ci
2026-03-11T13:52:24.630828+00:00 testdb	orders_json	utf8mb4_0900_ai_ci
2026-03-11T13:52:24.638403+00:00 world	city	utf8mb4_0900_ai_ci
2026-03-11T13:52:24.642681+00:00 world	country	utf8mb4_0900_ai_ci
2026-03-11T13:52:24.646805+00:00 world	countrylanguage	utf8mb4_0900_ai_ci
2026-03-11T13:52:24.653674+00:00 
2026-03-11T13:52:24.659912+00:00 ---- mysql8_column_collations ----
2026-03-11T13:52:24.665576+00:00 sakila	actor	first_name	utf8mb4_0900_ai_ci
2026-03-11T13:52:24.670553+00:00 sakila	actor	last_name	utf8mb4_0900_ai_ci
2026-03-11T13:52:24.678082+00:00 sakila	actor_info	film_info	utf8mb4_0900_ai_ci
2026-03-11T13:52:24.684880+00:00 sakila	actor_info	first_name	utf8mb4_0900_ai_ci
2026-03-11T13:52:24.688992+00:00 sakila	actor_info	last_name	utf8mb4_0900_ai_ci
2026-03-11T13:52:24.696013+00:00 sakila	address	address	utf8mb4_0900_ai_ci
2026-03-11T13:52:24.699756+00:00 sakila	address	address2	utf8mb4_0900_ai_ci
2026-03-11T13:52:24.706534+00:00 sakila	address	district	utf8mb4_0900_ai_ci
2026-03-11T13:52:24.712170+00:00 sakila	address	phone	utf8mb4_0900_ai_ci
2026-03-11T13:52:24.714798+00:00 sakila	address	postal_code	utf8mb4_0900_ai_ci
2026-03-11T13:52:24.721350+00:00 sakila	category	name	utf8mb4_0900_ai_ci
2026-03-11T13:52:24.725634+00:00 sakila	city	city	utf8mb4_0900_ai_ci
2026-03-11T13:52:24.730360+00:00 sakila	country	country	utf8mb4_0900_ai_ci
2026-03-11T13:52:24.734139+00:00 sakila	customer	email	utf8mb4_0900_ai_ci
2026-03-11T13:52:24.740205+00:00 sakila	customer	first_name	utf8mb4_0900_ai_ci
2026-03-11T13:52:24.745455+00:00 sakila	customer	last_name	utf8mb4_0900_ai_ci
2026-03-11T13:52:24.751538+00:00 sakila	customer_list	address	utf8mb4_0900_ai_ci
2026-03-11T13:52:24.757313+00:00 sakila	customer_list	city	utf8mb4_0900_ai_ci
2026-03-11T13:52:24.765217+00:00 sakila	customer_list	country	utf8mb4_0900_ai_ci
2026-03-11T13:52:24.770733+00:00 sakila	customer_list	name	utf8mb4_0900_ai_ci
2026-03-11T13:52:24.776635+00:00 sakila	customer_list	notes	utf8mb4_0900_ai_ci
2026-03-11T13:52:24.791533+00:00 sakila	customer_list	phone	utf8mb4_0900_ai_ci
2026-03-11T13:52:24.796417+00:00 sakila	customer_list	zip code	utf8mb4_0900_ai_ci
2026-03-11T13:52:24.802681+00:00 sakila	film	description	utf8mb4_0900_ai_ci
2026-03-11T13:52:24.809844+00:00 sakila	film	rating	utf8mb4_0900_ai_ci
2026-03-11T13:52:24.815301+00:00 sakila	film	special_features	utf8mb4_0900_ai_ci
2026-03-11T13:52:24.823408+00:00 sakila	film	title	utf8mb4_0900_ai_ci
2026-03-11T13:52:24.829111+00:00 sakila	film_list	actors	utf8mb4_0900_ai_ci
2026-03-11T13:52:24.834785+00:00 sakila	film_list	category	utf8mb4_0900_ai_ci
2026-03-11T13:52:24.839460+00:00 sakila	film_list	description	utf8mb4_0900_ai_ci
2026-03-11T13:52:24.847138+00:00 sakila	film_list	rating	utf8mb4_0900_ai_ci
2026-03-11T13:52:24.858758+00:00 sakila	film_list	title	utf8mb4_0900_ai_ci
2026-03-11T13:52:24.864498+00:00 sakila	film_text	description	utf8mb4_0900_ai_ci
2026-03-11T13:52:24.870008+00:00 sakila	film_text	title	utf8mb4_0900_ai_ci
2026-03-11T13:52:24.873895+00:00 sakila	language	name	utf8mb4_0900_ai_ci
2026-03-11T13:52:24.880672+00:00 sakila	nicer_but_slower_film_list	actors	utf8mb4_0900_ai_ci
2026-03-11T13:52:24.887763+00:00 sakila	nicer_but_slower_film_list	category	utf8mb4_0900_ai_ci
2026-03-11T13:52:24.891364+00:00 sakila	nicer_but_slower_film_list	description	utf8mb4_0900_ai_ci
2026-03-11T13:52:24.897042+00:00 sakila	nicer_but_slower_film_list	rating	utf8mb4_0900_ai_ci
2026-03-11T13:52:24.901318+00:00 sakila	nicer_but_slower_film_list	title	utf8mb4_0900_ai_ci
2026-03-11T13:52:24.906247+00:00 sakila	sales_by_film_category	category	utf8mb4_0900_ai_ci
2026-03-11T13:52:24.912076+00:00 sakila	sales_by_store	manager	utf8mb4_0900_ai_ci
2026-03-11T13:52:24.915825+00:00 sakila	sales_by_store	store	utf8mb4_0900_ai_ci
2026-03-11T13:52:24.921113+00:00 sakila	staff	email	utf8mb4_0900_ai_ci
2026-03-11T13:52:24.925258+00:00 sakila	staff	first_name	utf8mb4_0900_ai_ci
2026-03-11T13:52:24.931362+00:00 sakila	staff	last_name	utf8mb4_0900_ai_ci
2026-03-11T13:52:24.937098+00:00 sakila	staff	username	utf8mb4_0900_ai_ci
2026-03-11T13:52:24.940305+00:00 sakila	staff_list	address	utf8mb4_0900_ai_ci
2026-03-11T13:52:24.945859+00:00 sakila	staff_list	city	utf8mb4_0900_ai_ci
2026-03-11T13:52:24.952066+00:00 sakila	staff_list	country	utf8mb4_0900_ai_ci
2026-03-11T13:52:24.957167+00:00 ... (truncated; full output in artifacts/assess_20260311_135150/precheck/mysql8_column_collations.tsv)
2026-03-11T13:52:24.963256+00:00 
2026-03-11T13:52:24.967128+00:00 ---- sql_mode ----
2026-03-11T13:52:24.972763+00:00 ONLY_FULL_GROUP_BY,STRICT_TRANS_TABLES,NO_ZERO_IN_DATE,NO_ZERO_DATE,ERROR_FOR_DIVISION_BY_ZERO,NO_ENGINE_SUBSTITUTION
2026-03-11T13:52:24.978350+00:00 
2026-03-11T13:52:24.985609+00:00 ---- definers_inventory ----
2026-03-11T13:52:24.988546+00:00 TRIGGER	root@localhost	6
2026-03-11T13:52:24.997918+00:00 VIEW	root@localhost	7
2026-03-11T13:52:25.005150+00:00 
2026-03-11T13:52:25.011046+00:00 ---- partitioned_tables ----
2026-03-11T13:52:25.016122+00:00 (no rows)
2026-03-11T13:52:25.021975+00:00 
2026-03-11T13:52:25.024940+00:00 ---- active_plugins ----
2026-03-11T13:52:25.029181+00:00 ARCHIVE	ACTIVE
2026-03-11T13:52:25.037097+00:00 auth_socket	ACTIVE
2026-03-11T13:52:25.043059+00:00 binlog	ACTIVE
2026-03-11T13:52:25.049020+00:00 BLACKHOLE	ACTIVE
2026-03-11T13:52:25.055053+00:00 caching_sha2_password	ACTIVE
2026-03-11T13:52:25.059043+00:00 CSV	ACTIVE
2026-03-11T13:52:25.065349+00:00 daemon_keyring_proxy_plugin	ACTIVE
2026-03-11T13:52:25.071333+00:00 InnoDB	ACTIVE
2026-03-11T13:52:25.077667+00:00 INNODB_BUFFER_PAGE	ACTIVE
2026-03-11T13:52:25.083260+00:00 INNODB_BUFFER_PAGE_LRU	ACTIVE
2026-03-11T13:52:25.088562+00:00 INNODB_BUFFER_POOL_STATS	ACTIVE
2026-03-11T13:52:25.094127+00:00 INNODB_CACHED_INDEXES	ACTIVE
2026-03-11T13:52:25.097087+00:00 INNODB_CMP	ACTIVE
2026-03-11T13:52:25.102545+00:00 INNODB_CMPMEM	ACTIVE
2026-03-11T13:52:25.108019+00:00 INNODB_CMPMEM_RESET	ACTIVE
2026-03-11T13:52:25.115493+00:00 INNODB_CMP_PER_INDEX	ACTIVE
2026-03-11T13:52:25.121552+00:00 INNODB_CMP_PER_INDEX_RESET	ACTIVE
2026-03-11T13:52:25.128147+00:00 INNODB_CMP_RESET	ACTIVE
2026-03-11T13:52:25.131639+00:00 INNODB_COLUMNS	ACTIVE
2026-03-11T13:52:25.137811+00:00 INNODB_FT_BEING_DELETED	ACTIVE
2026-03-11T13:52:25.143619+00:00 INNODB_FT_CONFIG	ACTIVE
2026-03-11T13:52:25.148670+00:00 INNODB_FT_DEFAULT_STOPWORD	ACTIVE
2026-03-11T13:52:25.153904+00:00 INNODB_FT_DELETED	ACTIVE
2026-03-11T13:52:25.158226+00:00 INNODB_FT_INDEX_CACHE	ACTIVE
2026-03-11T13:52:25.165190+00:00 INNODB_FT_INDEX_TABLE	ACTIVE
2026-03-11T13:52:25.170812+00:00 INNODB_INDEXES	ACTIVE
2026-03-11T13:52:25.178069+00:00 INNODB_METRICS	ACTIVE
2026-03-11T13:52:25.182528+00:00 INNODB_SESSION_TEMP_TABLESPACES	ACTIVE
2026-03-11T13:52:25.187457+00:00 INNODB_TABLES	ACTIVE
2026-03-11T13:52:25.193888+00:00 INNODB_TABLESPACES	ACTIVE
2026-03-11T13:52:25.205420+00:00 INNODB_TABLESTATS	ACTIVE
2026-03-11T13:52:25.211298+00:00 INNODB_TEMP_TABLE_INFO	ACTIVE
2026-03-11T13:52:25.216634+00:00 INNODB_TRX	ACTIVE
2026-03-11T13:52:25.222799+00:00 INNODB_VIRTUAL	ACTIVE
2026-03-11T13:52:25.229611+00:00 MEMORY	ACTIVE
2026-03-11T13:52:25.232421+00:00 MRG_MYISAM	ACTIVE
2026-03-11T13:52:25.237649+00:00 MyISAM	ACTIVE
2026-03-11T13:52:25.240144+00:00 mysqlx	ACTIVE
2026-03-11T13:52:25.245780+00:00 mysqlx_cache_cleaner	ACTIVE
2026-03-11T13:52:25.252662+00:00 mysql_native_password	ACTIVE
2026-03-11T13:52:25.258597+00:00 ngram	ACTIVE
2026-03-11T13:52:25.264364+00:00 PERFORMANCE_SCHEMA	ACTIVE
2026-03-11T13:52:25.268582+00:00 sha256_password	ACTIVE
2026-03-11T13:52:25.273674+00:00 sha2_cache_cleaner	ACTIVE
2026-03-11T13:52:25.279982+00:00 TempTable	ACTIVE
2026-03-11T13:52:25.286197+00:00 
2026-03-11T13:52:25.289457+00:00 ---- functional_indexes ----
2026-03-11T13:52:25.295462+00:00 (no rows)
2026-03-11T13:52:25.300366+00:00 
2026-03-11T13:52:25.304737+00:00 ---- functional_defaults ----
2026-03-11T13:52:25.309764+00:00 (no rows)
2026-03-11T13:52:25.315831+00:00 
2026-03-11T13:52:25.321280+00:00 ---- invisible_columns ----
2026-03-11T13:52:25.328465+00:00 (no rows)
2026-03-11T13:52:25.333038+00:00 
2026-03-11T13:52:25.338494+00:00 ---- check_constraints ----
2026-03-11T13:52:25.342914+00:00 (no rows)
2026-03-11T13:52:25.350954+00:00 
2026-03-11T13:52:25.354727+00:00 ---- partial_revokes ----
2026-03-11T13:52:25.359811+00:00 (no rows)
2026-03-11T13:52:25.365246+00:00 
2026-03-11T13:52:25.374198+00:00 ---- gis_srid_usage ----
2026-03-11T13:52:25.379873+00:00 sakila	address	location	0
2026-03-11T13:52:25.385872+00:00 
2026-03-11T13:52:25.390703+00:00 ---- resource_groups ----
2026-03-11T13:52:25.397986+00:00 USR_default	USER	1	0-9	0
2026-03-11T13:52:25.400887+00:00 SYS_default	SYSTEM	1	0-9	0
2026-03-11T13:52:25.406394+00:00 
2026-03-11T13:52:25.413513+00:00 ---- xplugin_status ----
2026-03-11T13:52:25.419819+00:00 mysqlx	ACTIVE
2026-03-11T13:52:25.424193+00:00 
2026-03-11T13:52:25.430237+00:00 ---- fk_name_lengths ----
2026-03-11T13:52:25.435740+00:00 (no rows)
2026-03-11T13:52:25.443151+00:00 
2026-03-11T13:52:25.446212+00:00 ---- trigger_order ----
2026-03-11T13:52:25.452896+00:00 (no rows)
2026-03-11T13:52:25.459489+00:00 
2026-03-11T13:52:25.463059+00:00 Precheck complete.
2026-03-11T13:52:25.467287+00:00 TSV outputs: artifacts/assess_20260311_135150/precheck/*.tsv
2026-03-11T13:52:27.227055+00:00 FINISH success=True message=Assessment passed. Ready to plan/run.
