2026-03-11T14:55:54.768438+00:00 START mode=run config=config/migration.yaml
2026-03-11T14:55:54.877755+00:00 RUN  preflight_one_step (Preflight checks (one_step)) -> scripts/00_preflight_one_step.sh
2026-03-11T14:55:54.884664+00:00 CMD /mnt/macshare/scripts/00_preflight_one_step.sh
2026-03-11T14:55:54.913669+00:00 OUT ==> Preflight checks (one_step)
2026-03-11T14:55:54.925579+00:00 OUT Checking source connectivity...
2026-03-11T14:55:55.178278+00:00 OUT Checking source migration user readiness...
2026-03-11T14:55:55.435132+00:00 OUT Checking source database(s) exist...
2026-03-11T14:55:55.702692+00:00 OUT Checking target SSH connectivity...
2026-03-11T14:55:56.277606+00:00 OUT Checking target mariadb client...
2026-03-11T14:55:56.835354+00:00 OUT Checking target TCP connectivity...
2026-03-11T14:55:57.420943+00:00 OUT Checking target migration user readiness...
2026-03-11T14:55:58.571916+00:00 OUT WARNING: option --ssl-verify-server-cert is disabled, because of an insecure passwordless login.
2026-03-11T14:55:58.598434+00:00 OUT pv not found (optional).
2026-03-11T14:55:58.604757+00:00 OUT Preflight complete.
2026-03-11T14:55:58.630933+00:00 RUN  migrate_app_users (Migrate application users to target (optional)) -> scripts/09_migrate_app_users.sh
2026-03-11T14:55:58.639939+00:00 CMD /mnt/macshare/scripts/09_migrate_app_users.sh
2026-03-11T14:55:58.667335+00:00 OUT ==> Migrate application users from source to target
2026-03-11T14:55:58.730640+00:00 OUT Migrating application users to target (default password for non-mysql_native_password)
2026-03-11T14:55:59.615368+00:00 OUT WARNING: option --ssl-verify-server-cert is disabled, because of an insecure passwordless login.
2026-03-11T14:56:00.303741+00:00 OUT WARNING: option --ssl-verify-server-cert is disabled, because of an insecure passwordless login.
2026-03-11T14:56:01.177052+00:00 OUT WARNING: option --ssl-verify-server-cert is disabled, because of an insecure passwordless login.
2026-03-11T14:56:01.794152+00:00 OUT WARNING: option --ssl-verify-server-cert is disabled, because of an insecure passwordless login.
2026-03-11T14:56:02.379790+00:00 OUT WARNING: option --ssl-verify-server-cert is disabled, because of an insecure passwordless login.
2026-03-11T14:56:03.218545+00:00 OUT WARNING: option --ssl-verify-server-cert is disabled, because of an insecure passwordless login.
2026-03-11T14:56:03.818511+00:00 OUT WARNING: option --ssl-verify-server-cert is disabled, because of an insecure passwordless login.
2026-03-11T14:56:04.402888+00:00 OUT WARNING: option --ssl-verify-server-cert is disabled, because of an insecure passwordless login.
2026-03-11T14:56:05.271483+00:00 OUT WARNING: option --ssl-verify-server-cert is disabled, because of an insecure passwordless login.
2026-03-11T14:56:05.920080+00:00 OUT WARNING: option --ssl-verify-server-cert is disabled, because of an insecure passwordless login.
2026-03-11T14:56:06.509952+00:00 OUT WARNING: option --ssl-verify-server-cert is disabled, because of an insecure passwordless login.
2026-03-11T14:56:07.352292+00:00 OUT WARNING: option --ssl-verify-server-cert is disabled, because of an insecure passwordless login.
2026-03-11T14:56:07.959823+00:00 OUT WARNING: option --ssl-verify-server-cert is disabled, because of an insecure passwordless login.
2026-03-11T14:56:08.555187+00:00 OUT WARNING: option --ssl-verify-server-cert is disabled, because of an insecure passwordless login.
2026-03-11T14:56:09.392709+00:00 OUT WARNING: option --ssl-verify-server-cert is disabled, because of an insecure passwordless login.
2026-03-11T14:56:09.401548+00:00 OUT Application user migration completed.
2026-03-11T14:56:09.425601+00:00 RUN  precheck (Precheck source variables and blockers) -> scripts/00_precheck.sh
2026-03-11T14:56:09.432287+00:00 CMD /mnt/macshare/scripts/00_precheck.sh
2026-03-11T14:56:09.501191+00:00 OUT == Precheck runner ==
2026-03-11T14:56:09.520508+00:00 OUT Host: 192.168.64.7  Port: 3306  User: admin
2026-03-11T14:56:09.541703+00:00 OUT Checks dir: /mnt/macshare/sql/checks
2026-03-11T14:56:09.560729+00:00 OUT Outdir: /mnt/macshare/artifacts/precheck
2026-03-11T14:56:09.580686+00:00 OUT 
2026-03-11T14:56:09.608155+00:00 OUT NOTE: mariadb-migrate-config-file not found; skipping config check.
2026-03-11T14:56:09.639757+00:00 OUT ---- mysql_version ----
2026-03-11T14:56:09.921493+00:00 OUT 8.0.45-0ubuntu0.24.04.1
2026-03-11T14:56:09.957796+00:00 OUT 
2026-03-11T14:56:09.988937+00:00 OUT ---- innodb_settings ----
2026-03-11T14:56:10.278122+00:00 OUT 1	1
2026-03-11T14:56:10.312370+00:00 OUT 
2026-03-11T14:56:10.342140+00:00 OUT ---- auth_plugins ----
2026-03-11T14:56:10.638321+00:00 OUT debian-sys-maint	localhost	caching_sha2_password
2026-03-11T14:56:10.647268+00:00 OUT test1	%	caching_sha2_password
2026-03-11T14:56:10.676554+00:00 OUT 
2026-03-11T14:56:10.709551+00:00 OUT ---- json_columns ----
2026-03-11T14:56:10.998618+00:00 OUT advanced_test	json_test	data	json
2026-03-11T14:56:11.003348+00:00 OUT advanced_test	json_test	metadata	json
2026-03-11T14:56:11.008599+00:00 OUT testdb	orders_json	data_json	json
2026-03-11T14:56:11.040048+00:00 OUT 
2026-03-11T14:56:11.073612+00:00 OUT ---- compression_encryption ----
2026-03-11T14:56:11.350538+00:00 OUT (no rows)
2026-03-11T14:56:11.369575+00:00 OUT 
2026-03-11T14:56:11.402072+00:00 OUT ---- engines_summary ----
2026-03-11T14:56:11.690786+00:00 OUT PERFORMANCE_SCHEMA	111
2026-03-11T14:56:11.697338+00:00 OUT InnoDB	59
2026-03-11T14:56:11.701347+00:00 OUT CSV	2
2026-03-11T14:56:11.731763+00:00 OUT 
2026-03-11T14:56:11.764343+00:00 OUT ---- schema_sizes ----
2026-03-11T14:56:12.050852+00:00 OUT testdb	38.56
2026-03-11T14:56:12.058932+00:00 OUT sakila	6.45
2026-03-11T14:56:12.064100+00:00 OUT mysql	2.73
2026-03-11T14:56:12.068789+00:00 OUT world	0.77
2026-03-11T14:56:12.074551+00:00 OUT test_replication	0.03
2026-03-11T14:56:12.079005+00:00 OUT sys	0.02
2026-03-11T14:56:12.085749+00:00 OUT advanced_test	0.02
2026-03-11T14:56:12.093175+00:00 OUT information_schema	0.00
2026-03-11T14:56:12.098151+00:00 OUT performance_schema	0.00
2026-03-11T14:56:12.106790+00:00 OUT 
2026-03-11T14:56:12.139059+00:00 OUT ---- schema_charsets ----
2026-03-11T14:56:12.424742+00:00 OUT advanced_test	utf8mb4	utf8mb4_0900_ai_ci
2026-03-11T14:56:12.431530+00:00 OUT sakila	utf8mb4	utf8mb4_0900_ai_ci
2026-03-11T14:56:12.436814+00:00 OUT test_replication	utf8mb4	utf8mb4_0900_ai_ci
2026-03-11T14:56:12.441607+00:00 OUT testdb	utf8mb4	utf8mb4_0900_ai_ci
2026-03-11T14:56:12.446573+00:00 OUT world	utf8mb4	utf8mb4_0900_ai_ci
2026-03-11T14:56:12.472508+00:00 OUT 
2026-03-11T14:56:12.506303+00:00 OUT ---- mysql8_collations ----
2026-03-11T14:56:12.793769+00:00 OUT advanced_test	json_test	utf8mb4_0900_ai_ci
2026-03-11T14:56:12.800272+00:00 OUT sakila	actor	utf8mb4_0900_ai_ci
2026-03-11T14:56:12.806495+00:00 OUT sakila	address	utf8mb4_0900_ai_ci
2026-03-11T14:56:12.810320+00:00 OUT sakila	category	utf8mb4_0900_ai_ci
2026-03-11T14:56:12.814736+00:00 OUT sakila	city	utf8mb4_0900_ai_ci
2026-03-11T14:56:12.820322+00:00 OUT sakila	country	utf8mb4_0900_ai_ci
2026-03-11T14:56:12.824516+00:00 OUT sakila	customer	utf8mb4_0900_ai_ci
2026-03-11T14:56:12.830695+00:00 OUT sakila	film	utf8mb4_0900_ai_ci
2026-03-11T14:56:12.836478+00:00 OUT sakila	film_actor	utf8mb4_0900_ai_ci
2026-03-11T14:56:12.840901+00:00 OUT sakila	film_category	utf8mb4_0900_ai_ci
2026-03-11T14:56:12.846698+00:00 OUT sakila	film_text	utf8mb4_0900_ai_ci
2026-03-11T14:56:12.851440+00:00 OUT sakila	inventory	utf8mb4_0900_ai_ci
2026-03-11T14:56:12.855791+00:00 OUT sakila	language	utf8mb4_0900_ai_ci
2026-03-11T14:56:12.861360+00:00 OUT sakila	payment	utf8mb4_0900_ai_ci
2026-03-11T14:56:12.866662+00:00 OUT sakila	rental	utf8mb4_0900_ai_ci
2026-03-11T14:56:12.873142+00:00 OUT sakila	staff	utf8mb4_0900_ai_ci
2026-03-11T14:56:12.878267+00:00 OUT sakila	store	utf8mb4_0900_ai_ci
2026-03-11T14:56:12.884655+00:00 OUT test_replication	customers	utf8mb4_0900_ai_ci
2026-03-11T14:56:12.889272+00:00 OUT test_replication	replication_test	utf8mb4_0900_ai_ci
2026-03-11T14:56:12.894832+00:00 OUT testdb	orders_json	utf8mb4_0900_ai_ci
2026-03-11T14:56:12.898544+00:00 OUT world	city	utf8mb4_0900_ai_ci
2026-03-11T14:56:12.902420+00:00 OUT world	country	utf8mb4_0900_ai_ci
2026-03-11T14:56:12.909417+00:00 OUT world	countrylanguage	utf8mb4_0900_ai_ci
2026-03-11T14:56:12.913393+00:00 OUT 
2026-03-11T14:56:12.917039+00:00 OUT ---- mysql8_column_collations ----
2026-03-11T14:56:13.198337+00:00 OUT sakila	actor	first_name	utf8mb4_0900_ai_ci
2026-03-11T14:56:13.204925+00:00 OUT sakila	actor	last_name	utf8mb4_0900_ai_ci
2026-03-11T14:56:13.209449+00:00 OUT sakila	actor_info	film_info	utf8mb4_0900_ai_ci
2026-03-11T14:56:13.215989+00:00 OUT sakila	actor_info	first_name	utf8mb4_0900_ai_ci
2026-03-11T14:56:13.221512+00:00 OUT sakila	actor_info	last_name	utf8mb4_0900_ai_ci
2026-03-11T14:56:13.227000+00:00 OUT sakila	address	address	utf8mb4_0900_ai_ci
2026-03-11T14:56:13.232760+00:00 OUT sakila	address	address2	utf8mb4_0900_ai_ci
2026-03-11T14:56:13.239544+00:00 OUT sakila	address	district	utf8mb4_0900_ai_ci
2026-03-11T14:56:13.243917+00:00 OUT sakila	address	phone	utf8mb4_0900_ai_ci
2026-03-11T14:56:13.249911+00:00 OUT sakila	address	postal_code	utf8mb4_0900_ai_ci
2026-03-11T14:56:13.253675+00:00 OUT sakila	category	name	utf8mb4_0900_ai_ci
2026-03-11T14:56:13.257981+00:00 OUT sakila	city	city	utf8mb4_0900_ai_ci
2026-03-11T14:56:13.267242+00:00 OUT sakila	country	country	utf8mb4_0900_ai_ci
2026-03-11T14:56:13.272128+00:00 OUT sakila	customer	email	utf8mb4_0900_ai_ci
2026-03-11T14:56:13.277262+00:00 OUT sakila	customer	first_name	utf8mb4_0900_ai_ci
2026-03-11T14:56:13.281574+00:00 OUT sakila	customer	last_name	utf8mb4_0900_ai_ci
2026-03-11T14:56:13.291071+00:00 OUT sakila	customer_list	address	utf8mb4_0900_ai_ci
2026-03-11T14:56:13.298107+00:00 OUT sakila	customer_list	city	utf8mb4_0900_ai_ci
2026-03-11T14:56:13.305748+00:00 OUT sakila	customer_list	country	utf8mb4_0900_ai_ci
2026-03-11T14:56:13.313065+00:00 OUT sakila	customer_list	name	utf8mb4_0900_ai_ci
2026-03-11T14:56:13.317477+00:00 OUT sakila	customer_list	notes	utf8mb4_0900_ai_ci
2026-03-11T14:56:13.322211+00:00 OUT sakila	customer_list	phone	utf8mb4_0900_ai_ci
2026-03-11T14:56:13.326389+00:00 OUT sakila	customer_list	zip code	utf8mb4_0900_ai_ci
2026-03-11T14:56:13.333875+00:00 OUT sakila	film	description	utf8mb4_0900_ai_ci
2026-03-11T14:56:13.338300+00:00 OUT sakila	film	rating	utf8mb4_0900_ai_ci
2026-03-11T14:56:13.342516+00:00 OUT sakila	film	special_features	utf8mb4_0900_ai_ci
2026-03-11T14:56:13.348699+00:00 OUT sakila	film	title	utf8mb4_0900_ai_ci
2026-03-11T14:56:13.354151+00:00 OUT sakila	film_list	actors	utf8mb4_0900_ai_ci
2026-03-11T14:56:13.358926+00:00 OUT sakila	film_list	category	utf8mb4_0900_ai_ci
2026-03-11T14:56:13.363295+00:00 OUT sakila	film_list	description	utf8mb4_0900_ai_ci
2026-03-11T14:56:13.367622+00:00 OUT sakila	film_list	rating	utf8mb4_0900_ai_ci
2026-03-11T14:56:13.372844+00:00 OUT sakila	film_list	title	utf8mb4_0900_ai_ci
2026-03-11T14:56:13.379192+00:00 OUT sakila	film_text	description	utf8mb4_0900_ai_ci
2026-03-11T14:56:13.383540+00:00 OUT sakila	film_text	title	utf8mb4_0900_ai_ci
2026-03-11T14:56:13.387774+00:00 OUT sakila	language	name	utf8mb4_0900_ai_ci
2026-03-11T14:56:13.396663+00:00 OUT sakila	nicer_but_slower_film_list	actors	utf8mb4_0900_ai_ci
2026-03-11T14:56:13.401184+00:00 OUT sakila	nicer_but_slower_film_list	category	utf8mb4_0900_ai_ci
2026-03-11T14:56:13.409335+00:00 OUT sakila	nicer_but_slower_film_list	description	utf8mb4_0900_ai_ci
2026-03-11T14:56:13.416392+00:00 OUT sakila	nicer_but_slower_film_list	rating	utf8mb4_0900_ai_ci
2026-03-11T14:56:13.423417+00:00 OUT sakila	nicer_but_slower_film_list	title	utf8mb4_0900_ai_ci
2026-03-11T14:56:13.427944+00:00 OUT sakila	sales_by_film_category	category	utf8mb4_0900_ai_ci
2026-03-11T14:56:13.431696+00:00 OUT sakila	sales_by_store	manager	utf8mb4_0900_ai_ci
2026-03-11T14:56:13.437378+00:00 OUT sakila	sales_by_store	store	utf8mb4_0900_ai_ci
2026-03-11T14:56:13.444361+00:00 OUT sakila	staff	email	utf8mb4_0900_ai_ci
2026-03-11T14:56:13.452760+00:00 OUT sakila	staff	first_name	utf8mb4_0900_ai_ci
2026-03-11T14:56:13.458495+00:00 OUT sakila	staff	last_name	utf8mb4_0900_ai_ci
2026-03-11T14:56:13.463491+00:00 OUT sakila	staff	username	utf8mb4_0900_ai_ci
2026-03-11T14:56:13.468024+00:00 OUT sakila	staff_list	address	utf8mb4_0900_ai_ci
2026-03-11T14:56:13.473107+00:00 OUT sakila	staff_list	city	utf8mb4_0900_ai_ci
2026-03-11T14:56:13.478808+00:00 OUT sakila	staff_list	country	utf8mb4_0900_ai_ci
2026-03-11T14:56:13.484394+00:00 OUT ... (truncated; full output in /mnt/macshare/artifacts/precheck/mysql8_column_collations.tsv)
2026-03-11T14:56:13.488621+00:00 OUT 
2026-03-11T14:56:13.494733+00:00 OUT ---- sql_mode ----
2026-03-11T14:56:13.689206+00:00 OUT ONLY_FULL_GROUP_BY,STRICT_TRANS_TABLES,NO_ZERO_IN_DATE,NO_ZERO_DATE,ERROR_FOR_DIVISION_BY_ZERO,NO_ENGINE_SUBSTITUTION
2026-03-11T14:56:13.729045+00:00 OUT 
2026-03-11T14:56:13.762971+00:00 OUT ---- definers_inventory ----
2026-03-11T14:56:14.059150+00:00 OUT TRIGGER	root@localhost	6
2026-03-11T14:56:14.066622+00:00 OUT VIEW	root@localhost	7
2026-03-11T14:56:14.097145+00:00 OUT 
2026-03-11T14:56:14.129017+00:00 OUT ---- partitioned_tables ----
2026-03-11T14:56:14.425836+00:00 OUT (no rows)
2026-03-11T14:56:14.445002+00:00 OUT 
2026-03-11T14:56:14.476133+00:00 OUT ---- active_plugins ----
2026-03-11T14:56:14.767676+00:00 OUT ARCHIVE	ACTIVE
2026-03-11T14:56:14.774449+00:00 OUT auth_socket	ACTIVE
2026-03-11T14:56:14.781145+00:00 OUT binlog	ACTIVE
2026-03-11T14:56:14.786099+00:00 OUT BLACKHOLE	ACTIVE
2026-03-11T14:56:14.792459+00:00 OUT caching_sha2_password	ACTIVE
2026-03-11T14:56:14.796323+00:00 OUT CSV	ACTIVE
2026-03-11T14:56:14.802168+00:00 OUT daemon_keyring_proxy_plugin	ACTIVE
2026-03-11T14:56:14.809372+00:00 OUT InnoDB	ACTIVE
2026-03-11T14:56:14.814469+00:00 OUT INNODB_BUFFER_PAGE	ACTIVE
2026-03-11T14:56:14.821176+00:00 OUT INNODB_BUFFER_PAGE_LRU	ACTIVE
2026-03-11T14:56:14.826155+00:00 OUT INNODB_BUFFER_POOL_STATS	ACTIVE
2026-03-11T14:56:14.829382+00:00 OUT INNODB_CACHED_INDEXES	ACTIVE
2026-03-11T14:56:14.836740+00:00 OUT INNODB_CMP	ACTIVE
2026-03-11T14:56:14.842315+00:00 OUT INNODB_CMPMEM	ACTIVE
2026-03-11T14:56:14.847675+00:00 OUT INNODB_CMPMEM_RESET	ACTIVE
2026-03-11T14:56:14.854381+00:00 OUT INNODB_CMP_PER_INDEX	ACTIVE
2026-03-11T14:56:14.860571+00:00 OUT INNODB_CMP_PER_INDEX_RESET	ACTIVE
2026-03-11T14:56:14.865491+00:00 OUT INNODB_CMP_RESET	ACTIVE
2026-03-11T14:56:14.871472+00:00 OUT INNODB_COLUMNS	ACTIVE
2026-03-11T14:56:14.874548+00:00 OUT INNODB_FT_BEING_DELETED	ACTIVE
2026-03-11T14:56:14.879026+00:00 OUT INNODB_FT_CONFIG	ACTIVE
2026-03-11T14:56:14.884930+00:00 OUT INNODB_FT_DEFAULT_STOPWORD	ACTIVE
2026-03-11T14:56:14.888356+00:00 OUT INNODB_FT_DELETED	ACTIVE
2026-03-11T14:56:14.892173+00:00 OUT INNODB_FT_INDEX_CACHE	ACTIVE
2026-03-11T14:56:14.896680+00:00 OUT INNODB_FT_INDEX_TABLE	ACTIVE
2026-03-11T14:56:14.900885+00:00 OUT INNODB_INDEXES	ACTIVE
2026-03-11T14:56:14.907182+00:00 OUT INNODB_METRICS	ACTIVE
2026-03-11T14:56:14.912832+00:00 OUT INNODB_SESSION_TEMP_TABLESPACES	ACTIVE
2026-03-11T14:56:14.917090+00:00 OUT INNODB_TABLES	ACTIVE
2026-03-11T14:56:14.920974+00:00 OUT INNODB_TABLESPACES	ACTIVE
2026-03-11T14:56:14.926663+00:00 OUT INNODB_TABLESTATS	ACTIVE
2026-03-11T14:56:14.930815+00:00 OUT INNODB_TEMP_TABLE_INFO	ACTIVE
2026-03-11T14:56:14.936589+00:00 OUT INNODB_TRX	ACTIVE
2026-03-11T14:56:14.942272+00:00 OUT INNODB_VIRTUAL	ACTIVE
2026-03-11T14:56:14.946544+00:00 OUT MEMORY	ACTIVE
2026-03-11T14:56:14.950853+00:00 OUT MRG_MYISAM	ACTIVE
2026-03-11T14:56:14.955347+00:00 OUT MyISAM	ACTIVE
2026-03-11T14:56:14.961137+00:00 OUT mysqlx	ACTIVE
2026-03-11T14:56:14.967754+00:00 OUT mysqlx_cache_cleaner	ACTIVE
2026-03-11T14:56:14.972485+00:00 OUT mysql_native_password	ACTIVE
2026-03-11T14:56:14.977245+00:00 OUT ngram	ACTIVE
2026-03-11T14:56:14.982666+00:00 OUT PERFORMANCE_SCHEMA	ACTIVE
2026-03-11T14:56:14.987002+00:00 OUT sha256_password	ACTIVE
2026-03-11T14:56:14.991791+00:00 OUT sha2_cache_cleaner	ACTIVE
2026-03-11T14:56:14.996349+00:00 OUT TempTable	ACTIVE
2026-03-11T14:56:15.001711+00:00 OUT 
2026-03-11T14:56:15.005967+00:00 OUT ---- functional_indexes ----
2026-03-11T14:56:15.221357+00:00 OUT (no rows)
2026-03-11T14:56:15.243304+00:00 OUT 
2026-03-11T14:56:15.275511+00:00 OUT ---- functional_defaults ----
2026-03-11T14:56:15.558449+00:00 OUT (no rows)
2026-03-11T14:56:15.577978+00:00 OUT 
2026-03-11T14:56:15.607321+00:00 OUT ---- invisible_columns ----
2026-03-11T14:56:15.889636+00:00 OUT (no rows)
2026-03-11T14:56:15.908523+00:00 OUT 
2026-03-11T14:56:15.938608+00:00 OUT ---- check_constraints ----
2026-03-11T14:56:16.220395+00:00 OUT (no rows)
2026-03-11T14:56:16.240209+00:00 OUT 
2026-03-11T14:56:16.272528+00:00 OUT ---- partial_revokes ----
2026-03-11T14:56:16.549664+00:00 OUT (no rows)
2026-03-11T14:56:16.572329+00:00 OUT 
2026-03-11T14:56:16.605027+00:00 OUT ---- gis_srid_usage ----
2026-03-11T14:56:16.889582+00:00 OUT sakila	address	location	0
2026-03-11T14:56:16.925091+00:00 OUT 
2026-03-11T14:56:16.956354+00:00 OUT ---- resource_groups ----
2026-03-11T14:56:17.237112+00:00 OUT USR_default	USER	1	0-9	0
2026-03-11T14:56:17.242617+00:00 OUT SYS_default	SYSTEM	1	0-9	0
2026-03-11T14:56:17.277419+00:00 OUT 
2026-03-11T14:56:17.314487+00:00 OUT ---- xplugin_status ----
2026-03-11T14:56:17.609542+00:00 OUT mysqlx	ACTIVE
2026-03-11T14:56:17.652821+00:00 OUT 
2026-03-11T14:56:17.693550+00:00 OUT ---- fk_name_lengths ----
2026-03-11T14:56:18.014529+00:00 OUT (no rows)
2026-03-11T14:56:18.037811+00:00 OUT 
2026-03-11T14:56:18.077577+00:00 OUT ---- trigger_order ----
2026-03-11T14:56:18.406036+00:00 OUT (no rows)
2026-03-11T14:56:18.434857+00:00 OUT 
2026-03-11T14:56:18.504856+00:00 OUT Precheck complete.
2026-03-11T14:56:18.528187+00:00 OUT TSV outputs: /mnt/macshare/artifacts/precheck/*.tsv
2026-03-11T14:56:18.555175+00:00 RUN  one_step_dump_restore (One-step dump/restore (mariadb-dump | mariadb)) -> scripts/10_one_step_migration.sh
2026-03-11T14:56:18.560801+00:00 CMD /mnt/macshare/scripts/10_one_step_migration.sh
2026-03-11T14:56:18.583611+00:00 OUT ==> One-step migration (mariadb-dump | mariadb)
2026-03-11T14:56:18.591185+00:00 OUT Source: 192.168.64.7:3306  DB: world
2026-03-11T14:56:18.598713+00:00 OUT Target: 192.168.64.13:3306
2026-03-11T14:56:18.606928+00:00 OUT pv not found; running without progress meter.
2026-03-11T14:56:19.197786+00:00 OUT WARNING: option --ssl-verify-server-cert is disabled, because of an insecure passwordless login.
2026-03-11T14:56:20.112785+00:00 OUT WARNING: option --ssl-verify-server-cert is disabled, because of an insecure passwordless login.
2026-03-11T14:56:20.200696+00:00 OUT One-step migration completed.
2026-03-11T14:56:20.225949+00:00 RUN  validate (Validate after upgrade) -> scripts/07_validate.sh
2026-03-11T14:56:20.232459+00:00 CMD /mnt/macshare/scripts/07_validate.sh
2026-03-11T14:56:20.256001+00:00 OUT MariaDB version (TCP validation):
2026-03-11T14:56:20.809364+00:00 OUT WARNING: option --ssl-verify-server-cert is disabled, because of an insecure passwordless login.
2026-03-11T14:56:20.827179+00:00 OUT 11.8.6-MariaDB-ubu2404
2026-03-11T14:56:20.835127+00:00 OUT 
2026-03-11T14:56:20.841965+00:00 OUT User authentication plugins:
2026-03-11T14:56:21.390899+00:00 OUT WARNING: option --ssl-verify-server-cert is disabled, because of an insecure passwordless login.
2026-03-11T14:56:21.408440+00:00 OUT admin	%	mysql_native_password
2026-03-11T14:56:21.417680+00:00 OUT mariadb.sys	localhost	mysql_native_password
2026-03-11T14:56:21.424250+00:00 OUT migrate	%	mysql_native_password
2026-03-11T14:56:21.433033+00:00 OUT mysql	localhost	mysql_native_password
2026-03-11T14:56:21.437198+00:00 OUT repl	%	mysql_native_password
2026-03-11T14:56:21.443017+00:00 OUT repl	192.168.64.13	mysql_native_password
2026-03-11T14:56:21.447199+00:00 OUT root	localhost	mysql_native_password
2026-03-11T14:56:21.453409+00:00 OUT test	%	mysql_native_password
2026-03-11T14:56:21.459150+00:00 OUT test1	%	mysql_native_password
2026-03-11T14:56:21.463299+00:00 OUT 
2026-03-11T14:56:21.470074+00:00 OUT Storage engines:
2026-03-11T14:56:21.992435+00:00 OUT WARNING: option --ssl-verify-server-cert is disabled, because of an insecure passwordless login.
2026-03-11T14:56:22.008521+00:00 OUT MEMORY	YES	Hash based, stored in memory, useful for temporary tables	NO	NO	NO
2026-03-11T14:56:22.016208+00:00 OUT CSV	YES	Stores tables as CSV files	NO	NO	NO
2026-03-11T14:56:22.020906+00:00 OUT PERFORMANCE_SCHEMA	YES	Performance Schema	NO	NO	NO
2026-03-11T14:56:22.023835+00:00 OUT Aria	YES	Crash-safe tables with MyISAM heritage. Used for internal temporary tables and privilege tables	NO	NO	NO
2026-03-11T14:56:22.027789+00:00 OUT MyISAM	YES	Non-transactional engine with good performance and small data footprint	NO	NO	NO
2026-03-11T14:56:22.031584+00:00 OUT MRG_MyISAM	YES	Collection of identical MyISAM tables	NO	NO	NO
2026-03-11T14:56:22.035392+00:00 OUT InnoDB	DEFAULT	Supports transactions, row-level locking, foreign keys and encryption for tables	YES	YES	YES
2026-03-11T14:56:22.040536+00:00 OUT SEQUENCE	YES	Generated tables filled with sequential values	YES	NO	YES
2026-03-11T14:56:22.044725+00:00 OUT 
2026-03-11T14:56:22.049649+00:00 OUT Validation complete (socket-first).
2026-03-11T14:56:22.073834+00:00 FINISH success=True message=Run completed successfully.
